******************************************************************************
                  MSP430 Linker PC v4.4.5                      
******************************************************************************
>> Linked Mon Oct 12 09:39:08 2015

OUTPUT FILE NAME:   <FrequencySetup.out>
ENTRY POINT SYMBOL: "_c_int00_noargs_noexit"  address: 0000c69c


MEMORY CONFIGURATION

         name            origin    length      used     unused   attr    fill
----------------------  --------  ---------  --------  --------  ----  --------
  SFR                   00000000   00000010  00000000  00000010  RWIX
  PERIPHERALS_8BIT      00000010   000000f0  00000000  000000f0  RWIX
  PERIPHERALS_16BIT     00000100   00000100  00000000  00000100  RWIX
  RAM                   00000200   00000200  0000008c  00000174  RWIX
  INFOD                 00001000   00000040  00000000  00000040  RWIX
  INFOC                 00001040   00000040  00000000  00000040  RWIX
  INFOB                 00001080   00000040  00000000  00000040  RWIX
  INFOA                 000010c0   00000040  00000000  00000040  RWIX
  FLASH                 0000c000   00003fe0  00000820  000037c0  RWIX
  INT00                 0000ffe0   00000002  00000000  00000002  RWIX
  INT01                 0000ffe2   00000002  00000000  00000002  RWIX
  INT02                 0000ffe4   00000002  00000002  00000000  RWIX
  INT03                 0000ffe6   00000002  00000002  00000000  RWIX
  INT04                 0000ffe8   00000002  00000000  00000002  RWIX
  INT05                 0000ffea   00000002  00000002  00000000  RWIX
  INT06                 0000ffec   00000002  00000002  00000000  RWIX
  INT07                 0000ffee   00000002  00000002  00000000  RWIX
  INT08                 0000fff0   00000002  00000002  00000000  RWIX
  INT09                 0000fff2   00000002  00000002  00000000  RWIX
  INT10                 0000fff4   00000002  00000002  00000000  RWIX
  INT11                 0000fff6   00000002  00000002  00000000  RWIX
  INT12                 0000fff8   00000002  00000002  00000000  RWIX
  INT13                 0000fffa   00000002  00000002  00000000  RWIX
  INT14                 0000fffc   00000002  00000002  00000000  RWIX
  RESET                 0000fffe   00000002  00000002  00000000  RWIX


SECTION ALLOCATION MAP

 output                                  attributes/
section   page    origin      length       input sections
--------  ----  ----------  ----------   ----------------
.bss       0    00000200    00000038     UNINITIALIZED
                  00000200    00000018     (.common:cps)
                  00000218    00000004     (.common:ACLK_freq)
                  0000021c    00000004     (.common:MCLK_freq)
                  00000220    00000004     (.common:SMCLK_freq)
                  00000224    00000004     (.common:cpm)
                  00000228    00000004     (.common:pulseCount)
                  0000022c    00000004     (.common:tickCount)
                  00000230    00000002     (.common:hvFrequency)
                  00000232    00000002     (.common:i)
                  00000234    00000002     (.common:j)
                  00000236    00000002     (.common:windowCount)

.data      0    00000238    00000004     UNINITIALIZED
                  00000238    00000004     main.obj (.data)

.stack     0    000003b0    00000050     UNINITIALIZED
                  000003b0    00000002     rts430_eabi.lib : boot.obj (.stack)
                  000003b2    0000004e     --HOLE--

.text      0    0000c000    000007c4     
                  0000c000    000000a2     setup.obj (.text:clkSetup)
                  0000c0a2    000000a0     main.obj (.text:main)
                  0000c142    00000082     lcd.obj (.text:lcd_print_number)
                  0000c1c4    00000066     setup.obj (.text:ioSetup)
                  0000c22a    00000064     rts430_eabi.lib : copy_decompress_rle.obj (.text:__TI_decompress_rle_core)
                  0000c28e    0000005c     main.obj (.text:TA1CCR0_ISR)
                  0000c2ea    0000005c     rts430_eabi.lib : lsr32.obj (.text:l_lsr_const)
                  0000c346    00000058                     : autoinit.obj (.text:_auto_init)
                  0000c39e    00000058                     : div32u.obj (.text)
                  0000c3f6    00000054     main.obj (.text:PORT1_ISR)
                  0000c44a    00000048     lcd.obj (.text:send_command)
                  0000c492    00000048     lcd.obj (.text:send_data)
                  0000c4da    00000046     main.obj (.text:PORT2_ISR)
                  0000c520    0000003c     main.obj (.text:T0A1_ISR)
                  0000c55c    00000038     setup.obj (.text:interruptSetup)
                  0000c594    0000002e     lcd.obj (.text:lcd_delay)
                  0000c5c2    0000002c     rts430_eabi.lib : asr16.obj (.text)
                  0000c5ee    00000026     lcd.obj (.text:lcd_init)
                  0000c614    00000026     rts430_eabi.lib : mult32.obj (.text)
                  0000c63a    00000022     timing.obj (.text:getTACCRfromFreq)
                  0000c65c    00000022     gmCore.obj (.text:initGM)
                  0000c67e    0000001e     lcd.obj (.text:lcd_clear)
                  0000c69c    0000001a     rts430_eabi.lib : boot_special.obj (.text:_c_int00_noargs_noexit)
                  0000c6b6    0000001a     setup.obj (.text:timerSetup)
                  0000c6d0    00000018     lcd.obj (.text:lcd_gotoRow)
                  0000c6e8    00000016     rts430_eabi.lib : div16u.obj (.text)
                  0000c6fe    00000016     gmCore.obj (.text:setHVFrequency)
                  0000c714    00000014     lcd.obj (.text:data_write)
                  0000c728    00000014     rts430_eabi.lib : copy_zero_init.obj (.text:decompress:ZI:__TI_zero_init)
                  0000c73c    00000012                     : copy_decompress_none.obj (.text:decompress:none:__TI_decompress_none)
                  0000c74e    00000012     lcd.obj (.text:lcd_print)
                  0000c760    00000012     rts430_eabi.lib : memcpy.obj (.text:memcpy)
                  0000c772    00000012     gmCore.obj (.text:soundOn)
                  0000c784    00000010     rts430_eabi.lib : epilog.obj (.text)
                  0000c794    0000000e     gmCore.obj (.text:soundOff)
                  0000c7a2    0000000e     gmCore.obj (.text:soundTick)
                  0000c7b0    00000006     rts430_eabi.lib : isr_trap.obj (.text:_isr:__TI_ISR_TRAP)
                  0000c7b6    00000006                     : copy_decompress_rle.obj (.text:decompress:rle24:__TI_decompress_rle24)
                  0000c7bc    00000004                     : pre_init.obj (.text:_system_pre_init)
                  0000c7c0    00000004                     : exit.obj (.text:abort)

.const     0    0000c7c4    00000042     
                  0000c7c4    0000003a     main.obj (.const:.string)
                  0000c7fe    00000008     main.obj (.const)

.cinit     0    0000c806    0000001a     
                  0000c806    00000008     (.cinit..data.load) [load image]
                  0000c80e    00000006     (__TI_handler_table)
                  0000c814    00000004     (.cinit..bss.load) [load image, compression = zero_init]
                  0000c818    00000008     (__TI_cinit_table)

.init_array 
*          0    0000c000    00000000     UNINITIALIZED

.TI.noinit 
*          0    00000200    00000000     UNINITIALIZED

.TI.persistent 
*          0    00000238    00000000     UNINITIALIZED

PORT1      0    0000ffe4    00000002     
                  0000ffe4    00000002     main.obj (.int02)

PORT2      0    0000ffe6    00000002     
                  0000ffe6    00000002     main.obj (.int03)

ADC10      0    0000ffea    00000002     
                  0000ffea    00000002     rts430_eabi.lib : int05.obj (.int05)

USCIAB0TX 
*          0    0000ffec    00000002     
                  0000ffec    00000002     rts430_eabi.lib : int06.obj (.int06)

USCIAB0RX 
*          0    0000ffee    00000002     
                  0000ffee    00000002     rts430_eabi.lib : int07.obj (.int07)

TIMER0_A1 
*          0    0000fff0    00000002     
                  0000fff0    00000002     main.obj (.int08)

TIMER0_A0 
*          0    0000fff2    00000002     
                  0000fff2    00000002     rts430_eabi.lib : int09.obj (.int09)

WDT        0    0000fff4    00000002     
                  0000fff4    00000002     rts430_eabi.lib : int10.obj (.int10)

COMPARATORA 
*          0    0000fff6    00000002     
                  0000fff6    00000002     rts430_eabi.lib : int11.obj (.int11)

TIMER1_A1 
*          0    0000fff8    00000002     
                  0000fff8    00000002     rts430_eabi.lib : int12.obj (.int12)

TIMER1_A0 
*          0    0000fffa    00000002     
                  0000fffa    00000002     main.obj (.int13)

NMI        0    0000fffc    00000002     
                  0000fffc    00000002     rts430_eabi.lib : int14.obj (.int14)

.reset     0    0000fffe    00000002     
                  0000fffe    00000002     rts430_eabi.lib : boot.obj (.reset)


LINKER GENERATED COPY TABLES

__TI_cinit_table @ 0000c818 records: 2, size/record: 4, table size: 8
	.data: load addr=0000c806, load size=00000008 bytes, run addr=00000238, run size=00000004 bytes, compression=copy
	.bss: load addr=0000c814, load size=00000004 bytes, run addr=00000200, run size=00000038 bytes, compression=zero_init


LINKER GENERATED HANDLER TABLE

__TI_handler_table @ 0000c80e records: 3, size/record: 2, table size: 6
	index: 0, handler: __TI_zero_init
	index: 1, handler: __TI_decompress_rle24
	index: 2, handler: __TI_decompress_none


GLOBAL SYMBOLS: SORTED ALPHABETICALLY BY Name 

address   name                    
-------   ----                    
00000218  ACLK_freq               
0000004a  ADC10AE0                
000001b0  ADC10CTL0               
000001b2  ADC10CTL1               
00000048  ADC10DTC0               
00000049  ADC10DTC1               
000001b4  ADC10MEM                
000001bc  ADC10SA                 
00000057  BCSCTL1                 
00000058  BCSCTL2                 
00000053  BCSCTL3                 
0000c7c0  C$$EXIT                 
00000059  CACTL1                  
0000005a  CACTL2                  
000010fb  CALBC1_12MHZ            
000010f9  CALBC1_16MHZ            
000010ff  CALBC1_1MHZ             
000010fd  CALBC1_8MHZ             
000010fa  CALDCO_12MHZ            
000010f8  CALDCO_16MHZ            
000010fe  CALDCO_1MHZ             
000010fc  CALDCO_8MHZ             
0000005b  CAPD                    
0000c804  COUNT                   
00000056  DCOCTL                  
00000128  FCTL1                   
0000012a  FCTL2                   
0000012c  FCTL3                   
00000000  IE1                     
00000001  IE2                     
00000002  IFG1                    
00000003  IFG2                    
0000021c  MCLK_freq               
00000022  P1DIR                   
00000025  P1IE                    
00000024  P1IES                   
00000023  P1IFG                   
00000020  P1IN                    
00000021  P1OUT                   
00000027  P1REN                   
00000026  P1SEL                   
00000041  P1SEL2                  
0000002a  P2DIR                   
0000002d  P2IE                    
0000002c  P2IES                   
0000002b  P2IFG                   
00000028  P2IN                    
00000029  P2OUT                   
0000002f  P2REN                   
0000002e  P2SEL                   
00000042  P2SEL2                  
0000001a  P3DIR                   
00000018  P3IN                    
00000019  P3OUT                   
00000010  P3REN                   
0000001b  P3SEL                   
00000043  P3SEL2                  
0000c3f6  PORT1_ISR               
0000c4da  PORT2_ISR               
00000220  SMCLK_freq              
0000c7fe  START_FREQUENCY         
0000c802  STEP_FREQUENCY          
0000c800  STOP_FREQUENCY          
0000c520  T0A1_ISR                
00000172  TA0CCR0                 
00000174  TA0CCR1                 
00000176  TA0CCR2                 
00000162  TA0CCTL0                
00000164  TA0CCTL1                
00000166  TA0CCTL2                
00000160  TA0CTL                  
0000012e  TA0IV                   
00000170  TA0R                    
00000192  TA1CCR0                 
0000c28e  TA1CCR0_ISR             
00000194  TA1CCR1                 
00000196  TA1CCR2                 
00000182  TA1CCTL0                
00000184  TA1CCTL1                
00000186  TA1CCTL2                
00000180  TA1CTL                  
0000011e  TA1IV                   
00000190  TA1R                    
000010db  TLV_ADC10_1_LEN         
000010da  TLV_ADC10_1_TAG         
000010c0  TLV_CHECKSUM            
000010f7  TLV_DCO_30_LEN          
000010f6  TLV_DCO_30_TAG          
0000005d  UCA0ABCTL               
00000062  UCA0BR0                 
00000063  UCA0BR1                 
00000060  UCA0CTL0                
00000061  UCA0CTL1                
0000005f  UCA0IRRCTL              
0000005e  UCA0IRTCTL              
00000064  UCA0MCTL                
00000066  UCA0RXBUF               
00000065  UCA0STAT                
00000067  UCA0TXBUF               
0000006a  UCB0BR0                 
0000006b  UCB0BR1                 
00000068  UCB0CTL0                
00000069  UCB0CTL1                
0000006c  UCB0I2CIE               
00000118  UCB0I2COA               
0000011a  UCB0I2CSA               
0000006e  UCB0RXBUF               
0000006d  UCB0STAT                
0000006f  UCB0TXBUF               
00000120  WDTCTL                  
00000400  __STACK_END             
00000050  __STACK_SIZE            
0000c818  __TI_CINIT_Base         
0000c820  __TI_CINIT_Limit        
0000c80e  __TI_Handler_Table_Base 
0000c814  __TI_Handler_Table_Limit
UNDEFED   __TI_INITARRAY_Base     
UNDEFED   __TI_INITARRAY_Limit    
0000c7b0  __TI_ISR_TRAP           
0000c73c  __TI_decompress_none    
0000c7b6  __TI_decompress_rle24   
0000ffe4  __TI_int02              
0000ffe6  __TI_int03              
0000ffea  __TI_int05              
0000ffec  __TI_int06              
0000ffee  __TI_int07              
0000fff0  __TI_int08              
0000fff2  __TI_int09              
0000fff4  __TI_int10              
0000fff6  __TI_int11              
0000fff8  __TI_int12              
0000fffa  __TI_int13              
0000fffc  __TI_int14              
0000c728  __TI_zero_init          
ffffffff  __binit__               
ffffffff  __c_args__              
0000c6e8  __mspabi_divu           
0000c39e  __mspabi_divul          
0000c790  __mspabi_func_epilog_1  
0000c78e  __mspabi_func_epilog_2  
0000c78c  __mspabi_func_epilog_3  
0000c78a  __mspabi_func_epilog_4  
0000c788  __mspabi_func_epilog_5  
0000c786  __mspabi_func_epilog_6  
0000c784  __mspabi_func_epilog_7  
0000c614  __mspabi_mpyl           
0000c614  __mspabi_mpyl_sw        
0000c6e8  __mspabi_remu           
0000c39e  __mspabi_remul          
0000c5c2  __mspabi_srai           
0000c5ea  __mspabi_srai_1         
0000c5d8  __mspabi_srai_10        
0000c5d6  __mspabi_srai_11        
0000c5d4  __mspabi_srai_12        
0000c5d2  __mspabi_srai_13        
0000c5d0  __mspabi_srai_14        
0000c5ce  __mspabi_srai_15        
0000c5e8  __mspabi_srai_2         
0000c5e6  __mspabi_srai_3         
0000c5e4  __mspabi_srai_4         
0000c5e2  __mspabi_srai_5         
0000c5e0  __mspabi_srai_6         
0000c5de  __mspabi_srai_7         
0000c5dc  __mspabi_srai_8         
0000c5da  __mspabi_srai_9         
0000c33e  __mspabi_srll_1         
0000c308  __mspabi_srll_10        
0000c302  __mspabi_srll_11        
0000c2fc  __mspabi_srll_12        
0000c2f6  __mspabi_srll_13        
0000c2f0  __mspabi_srll_14        
0000c2ea  __mspabi_srll_15        
0000c338  __mspabi_srll_2         
0000c332  __mspabi_srll_3         
0000c32c  __mspabi_srll_4         
0000c326  __mspabi_srll_5         
0000c320  __mspabi_srll_6         
0000c31a  __mspabi_srll_7         
0000c314  __mspabi_srll_8         
0000c30e  __mspabi_srll_9         
0000c346  _auto_init              
0000c69c  _c_int00_noargs_noexit  
0000fffe  _reset_vector           
000003b0  _stack                  
0000c7bc  _system_pre_init        
0000c7c0  abort                   
ffffffff  binit                   
0000c000  clkSetup                
00000224  cpm                     
00000200  cps                     
0000c714  data_write              
0000c63a  getTACCRfromFreq        
00000230  hvFrequency             
00000232  i                       
0000c65c  initGM                  
0000c55c  interruptSetup          
0000c1c4  ioSetup                 
00000234  j                       
0000c67e  lcd_clear               
0000c594  lcd_delay               
0000c6d0  lcd_gotoRow             
0000c5ee  lcd_init                
0000c74e  lcd_print               
0000c142  lcd_print_number        
0000c0a2  main                    
0000c760  memcpy                  
00000228  pulseCount              
0000c44a  send_command            
0000c492  send_data               
0000023a  setCountFlag            
0000c6fe  setHVFrequency          
00000238  setHvFlag               
0000c794  soundOff                
0000c772  soundOn                 
0000c7a2  soundTick               
0000022c  tickCount               
0000c6b6  timerSetup              
00000236  windowCount             


GLOBAL SYMBOLS: SORTED BY Symbol Address 

address   name                    
-------   ----                    
00000000  IE1                     
00000001  IE2                     
00000002  IFG1                    
00000003  IFG2                    
00000010  P3REN                   
00000018  P3IN                    
00000019  P3OUT                   
0000001a  P3DIR                   
0000001b  P3SEL                   
00000020  P1IN                    
00000021  P1OUT                   
00000022  P1DIR                   
00000023  P1IFG                   
00000024  P1IES                   
00000025  P1IE                    
00000026  P1SEL                   
00000027  P1REN                   
00000028  P2IN                    
00000029  P2OUT                   
0000002a  P2DIR                   
0000002b  P2IFG                   
0000002c  P2IES                   
0000002d  P2IE                    
0000002e  P2SEL                   
0000002f  P2REN                   
00000041  P1SEL2                  
00000042  P2SEL2                  
00000043  P3SEL2                  
00000048  ADC10DTC0               
00000049  ADC10DTC1               
0000004a  ADC10AE0                
00000050  __STACK_SIZE            
00000053  BCSCTL3                 
00000056  DCOCTL                  
00000057  BCSCTL1                 
00000058  BCSCTL2                 
00000059  CACTL1                  
0000005a  CACTL2                  
0000005b  CAPD                    
0000005d  UCA0ABCTL               
0000005e  UCA0IRTCTL              
0000005f  UCA0IRRCTL              
00000060  UCA0CTL0                
00000061  UCA0CTL1                
00000062  UCA0BR0                 
00000063  UCA0BR1                 
00000064  UCA0MCTL                
00000065  UCA0STAT                
00000066  UCA0RXBUF               
00000067  UCA0TXBUF               
00000068  UCB0CTL0                
00000069  UCB0CTL1                
0000006a  UCB0BR0                 
0000006b  UCB0BR1                 
0000006c  UCB0I2CIE               
0000006d  UCB0STAT                
0000006e  UCB0RXBUF               
0000006f  UCB0TXBUF               
00000118  UCB0I2COA               
0000011a  UCB0I2CSA               
0000011e  TA1IV                   
00000120  WDTCTL                  
00000128  FCTL1                   
0000012a  FCTL2                   
0000012c  FCTL3                   
0000012e  TA0IV                   
00000160  TA0CTL                  
00000162  TA0CCTL0                
00000164  TA0CCTL1                
00000166  TA0CCTL2                
00000170  TA0R                    
00000172  TA0CCR0                 
00000174  TA0CCR1                 
00000176  TA0CCR2                 
00000180  TA1CTL                  
00000182  TA1CCTL0                
00000184  TA1CCTL1                
00000186  TA1CCTL2                
00000190  TA1R                    
00000192  TA1CCR0                 
00000194  TA1CCR1                 
00000196  TA1CCR2                 
000001b0  ADC10CTL0               
000001b2  ADC10CTL1               
000001b4  ADC10MEM                
000001bc  ADC10SA                 
00000200  cps                     
00000218  ACLK_freq               
0000021c  MCLK_freq               
00000220  SMCLK_freq              
00000224  cpm                     
00000228  pulseCount              
0000022c  tickCount               
00000230  hvFrequency             
00000232  i                       
00000234  j                       
00000236  windowCount             
00000238  setHvFlag               
0000023a  setCountFlag            
000003b0  _stack                  
00000400  __STACK_END             
000010c0  TLV_CHECKSUM            
000010da  TLV_ADC10_1_TAG         
000010db  TLV_ADC10_1_LEN         
000010f6  TLV_DCO_30_TAG          
000010f7  TLV_DCO_30_LEN          
000010f8  CALDCO_16MHZ            
000010f9  CALBC1_16MHZ            
000010fa  CALDCO_12MHZ            
000010fb  CALBC1_12MHZ            
000010fc  CALDCO_8MHZ             
000010fd  CALBC1_8MHZ             
000010fe  CALDCO_1MHZ             
000010ff  CALBC1_1MHZ             
0000c000  clkSetup                
0000c0a2  main                    
0000c142  lcd_print_number        
0000c1c4  ioSetup                 
0000c28e  TA1CCR0_ISR             
0000c2ea  __mspabi_srll_15        
0000c2f0  __mspabi_srll_14        
0000c2f6  __mspabi_srll_13        
0000c2fc  __mspabi_srll_12        
0000c302  __mspabi_srll_11        
0000c308  __mspabi_srll_10        
0000c30e  __mspabi_srll_9         
0000c314  __mspabi_srll_8         
0000c31a  __mspabi_srll_7         
0000c320  __mspabi_srll_6         
0000c326  __mspabi_srll_5         
0000c32c  __mspabi_srll_4         
0000c332  __mspabi_srll_3         
0000c338  __mspabi_srll_2         
0000c33e  __mspabi_srll_1         
0000c346  _auto_init              
0000c39e  __mspabi_divul          
0000c39e  __mspabi_remul          
0000c3f6  PORT1_ISR               
0000c44a  send_command            
0000c492  send_data               
0000c4da  PORT2_ISR               
0000c520  T0A1_ISR                
0000c55c  interruptSetup          
0000c594  lcd_delay               
0000c5c2  __mspabi_srai           
0000c5ce  __mspabi_srai_15        
0000c5d0  __mspabi_srai_14        
0000c5d2  __mspabi_srai_13        
0000c5d4  __mspabi_srai_12        
0000c5d6  __mspabi_srai_11        
0000c5d8  __mspabi_srai_10        
0000c5da  __mspabi_srai_9         
0000c5dc  __mspabi_srai_8         
0000c5de  __mspabi_srai_7         
0000c5e0  __mspabi_srai_6         
0000c5e2  __mspabi_srai_5         
0000c5e4  __mspabi_srai_4         
0000c5e6  __mspabi_srai_3         
0000c5e8  __mspabi_srai_2         
0000c5ea  __mspabi_srai_1         
0000c5ee  lcd_init                
0000c614  __mspabi_mpyl           
0000c614  __mspabi_mpyl_sw        
0000c63a  getTACCRfromFreq        
0000c65c  initGM                  
0000c67e  lcd_clear               
0000c69c  _c_int00_noargs_noexit  
0000c6b6  timerSetup              
0000c6d0  lcd_gotoRow             
0000c6e8  __mspabi_divu           
0000c6e8  __mspabi_remu           
0000c6fe  setHVFrequency          
0000c714  data_write              
0000c728  __TI_zero_init          
0000c73c  __TI_decompress_none    
0000c74e  lcd_print               
0000c760  memcpy                  
0000c772  soundOn                 
0000c784  __mspabi_func_epilog_7  
0000c786  __mspabi_func_epilog_6  
0000c788  __mspabi_func_epilog_5  
0000c78a  __mspabi_func_epilog_4  
0000c78c  __mspabi_func_epilog_3  
0000c78e  __mspabi_func_epilog_2  
0000c790  __mspabi_func_epilog_1  
0000c794  soundOff                
0000c7a2  soundTick               
0000c7b0  __TI_ISR_TRAP           
0000c7b6  __TI_decompress_rle24   
0000c7bc  _system_pre_init        
0000c7c0  C$$EXIT                 
0000c7c0  abort                   
0000c7fe  START_FREQUENCY         
0000c800  STOP_FREQUENCY          
0000c802  STEP_FREQUENCY          
0000c804  COUNT                   
0000c80e  __TI_Handler_Table_Base 
0000c814  __TI_Handler_Table_Limit
0000c818  __TI_CINIT_Base         
0000c820  __TI_CINIT_Limit        
0000ffe4  __TI_int02              
0000ffe6  __TI_int03              
0000ffea  __TI_int05              
0000ffec  __TI_int06              
0000ffee  __TI_int07              
0000fff0  __TI_int08              
0000fff2  __TI_int09              
0000fff4  __TI_int10              
0000fff6  __TI_int11              
0000fff8  __TI_int12              
0000fffa  __TI_int13              
0000fffc  __TI_int14              
0000fffe  _reset_vector           
ffffffff  __binit__               
ffffffff  __c_args__              
ffffffff  binit                   
UNDEFED   __TI_INITARRAY_Base     
UNDEFED   __TI_INITARRAY_Limit    

[218 symbols]
