<?xml version="1.0"?>
<link_info>
   <banner>MSP430 Linker PC v4.4.5</banner>
   <copyright>Copyright (c) 2003-2015 Texas Instruments Incorporated</copyright>
   <link_time>0x5615466d</link_time>
   <link_errors>0x0</link_errors>
   <output_file>FrequencySetup.out</output_file>
   <entry_point>
      <name>_c_int00_noargs_noexit</name>
      <address>0xc654</address>
   </entry_point>
   <input_file_list>
      <input_file id="fl-2">
         <path>.\</path>
         <kind>object</kind>
         <file>timing.obj</file>
         <name>timing.obj</name>
      </input_file>
      <input_file id="fl-3">
         <path>.\</path>
         <kind>object</kind>
         <file>setup.obj</file>
         <name>setup.obj</name>
      </input_file>
      <input_file id="fl-4">
         <path>.\</path>
         <kind>object</kind>
         <file>main.obj</file>
         <name>main.obj</name>
      </input_file>
      <input_file id="fl-5">
         <path>.\</path>
         <kind>object</kind>
         <file>lcd.obj</file>
         <name>lcd.obj</name>
      </input_file>
      <input_file id="fl-6">
         <path>.\</path>
         <kind>object</kind>
         <file>gmCore.obj</file>
         <name>gmCore.obj</name>
      </input_file>
      <input_file id="fl-35">
         <path>c:\ti\ccsv6\tools\compiler\ti-cgt-msp430_4.4.5\lib\</path>
         <kind>archive</kind>
         <file>rts430_eabi.lib</file>
         <name>asr16.obj</name>
      </input_file>
      <input_file id="fl-36">
         <path>c:\ti\ccsv6\tools\compiler\ti-cgt-msp430_4.4.5\lib\</path>
         <kind>archive</kind>
         <file>rts430_eabi.lib</file>
         <name>boot.obj</name>
      </input_file>
      <input_file id="fl-37">
         <path>c:\ti\ccsv6\tools\compiler\ti-cgt-msp430_4.4.5\lib\</path>
         <kind>archive</kind>
         <file>rts430_eabi.lib</file>
         <name>boot_special.obj</name>
      </input_file>
      <input_file id="fl-38">
         <path>c:\ti\ccsv6\tools\compiler\ti-cgt-msp430_4.4.5\lib\</path>
         <kind>archive</kind>
         <file>rts430_eabi.lib</file>
         <name>copy_decompress_none.obj</name>
      </input_file>
      <input_file id="fl-39">
         <path>c:\ti\ccsv6\tools\compiler\ti-cgt-msp430_4.4.5\lib\</path>
         <kind>archive</kind>
         <file>rts430_eabi.lib</file>
         <name>copy_decompress_rle.obj</name>
      </input_file>
      <input_file id="fl-3a">
         <path>c:\ti\ccsv6\tools\compiler\ti-cgt-msp430_4.4.5\lib\</path>
         <kind>archive</kind>
         <file>rts430_eabi.lib</file>
         <name>copy_zero_init.obj</name>
      </input_file>
      <input_file id="fl-3b">
         <path>c:\ti\ccsv6\tools\compiler\ti-cgt-msp430_4.4.5\lib\</path>
         <kind>archive</kind>
         <file>rts430_eabi.lib</file>
         <name>div16u.obj</name>
      </input_file>
      <input_file id="fl-3c">
         <path>c:\ti\ccsv6\tools\compiler\ti-cgt-msp430_4.4.5\lib\</path>
         <kind>archive</kind>
         <file>rts430_eabi.lib</file>
         <name>div32u.obj</name>
      </input_file>
      <input_file id="fl-3d">
         <path>c:\ti\ccsv6\tools\compiler\ti-cgt-msp430_4.4.5\lib\</path>
         <kind>archive</kind>
         <file>rts430_eabi.lib</file>
         <name>epilog.obj</name>
      </input_file>
      <input_file id="fl-3e">
         <path>c:\ti\ccsv6\tools\compiler\ti-cgt-msp430_4.4.5\lib\</path>
         <kind>archive</kind>
         <file>rts430_eabi.lib</file>
         <name>exit.obj</name>
      </input_file>
      <input_file id="fl-3f">
         <path>c:\ti\ccsv6\tools\compiler\ti-cgt-msp430_4.4.5\lib\</path>
         <kind>archive</kind>
         <file>rts430_eabi.lib</file>
         <name>exit_gvars.obj</name>
      </input_file>
      <input_file id="fl-40">
         <path>c:\ti\ccsv6\tools\compiler\ti-cgt-msp430_4.4.5\lib\</path>
         <kind>archive</kind>
         <file>rts430_eabi.lib</file>
         <name>int05.obj</name>
      </input_file>
      <input_file id="fl-41">
         <path>c:\ti\ccsv6\tools\compiler\ti-cgt-msp430_4.4.5\lib\</path>
         <kind>archive</kind>
         <file>rts430_eabi.lib</file>
         <name>int06.obj</name>
      </input_file>
      <input_file id="fl-42">
         <path>c:\ti\ccsv6\tools\compiler\ti-cgt-msp430_4.4.5\lib\</path>
         <kind>archive</kind>
         <file>rts430_eabi.lib</file>
         <name>int07.obj</name>
      </input_file>
      <input_file id="fl-43">
         <path>c:\ti\ccsv6\tools\compiler\ti-cgt-msp430_4.4.5\lib\</path>
         <kind>archive</kind>
         <file>rts430_eabi.lib</file>
         <name>int09.obj</name>
      </input_file>
      <input_file id="fl-44">
         <path>c:\ti\ccsv6\tools\compiler\ti-cgt-msp430_4.4.5\lib\</path>
         <kind>archive</kind>
         <file>rts430_eabi.lib</file>
         <name>int10.obj</name>
      </input_file>
      <input_file id="fl-45">
         <path>c:\ti\ccsv6\tools\compiler\ti-cgt-msp430_4.4.5\lib\</path>
         <kind>archive</kind>
         <file>rts430_eabi.lib</file>
         <name>int11.obj</name>
      </input_file>
      <input_file id="fl-46">
         <path>c:\ti\ccsv6\tools\compiler\ti-cgt-msp430_4.4.5\lib\</path>
         <kind>archive</kind>
         <file>rts430_eabi.lib</file>
         <name>int12.obj</name>
      </input_file>
      <input_file id="fl-47">
         <path>c:\ti\ccsv6\tools\compiler\ti-cgt-msp430_4.4.5\lib\</path>
         <kind>archive</kind>
         <file>rts430_eabi.lib</file>
         <name>int14.obj</name>
      </input_file>
      <input_file id="fl-48">
         <path>c:\ti\ccsv6\tools\compiler\ti-cgt-msp430_4.4.5\lib\</path>
         <kind>archive</kind>
         <file>rts430_eabi.lib</file>
         <name>isr_trap.obj</name>
      </input_file>
      <input_file id="fl-49">
         <path>c:\ti\ccsv6\tools\compiler\ti-cgt-msp430_4.4.5\lib\</path>
         <kind>archive</kind>
         <file>rts430_eabi.lib</file>
         <name>lsr32.obj</name>
      </input_file>
      <input_file id="fl-4a">
         <path>c:\ti\ccsv6\tools\compiler\ti-cgt-msp430_4.4.5\lib\</path>
         <kind>archive</kind>
         <file>rts430_eabi.lib</file>
         <name>memcpy.obj</name>
      </input_file>
      <input_file id="fl-4b">
         <path>c:\ti\ccsv6\tools\compiler\ti-cgt-msp430_4.4.5\lib\</path>
         <kind>archive</kind>
         <file>rts430_eabi.lib</file>
         <name>mpu_init.obj</name>
      </input_file>
      <input_file id="fl-4c">
         <path>c:\ti\ccsv6\tools\compiler\ti-cgt-msp430_4.4.5\lib\</path>
         <kind>archive</kind>
         <file>rts430_eabi.lib</file>
         <name>mult32.obj</name>
      </input_file>
      <input_file id="fl-4d">
         <path>c:\ti\ccsv6\tools\compiler\ti-cgt-msp430_4.4.5\lib\</path>
         <kind>archive</kind>
         <file>rts430_eabi.lib</file>
         <name>pre_init.obj</name>
      </input_file>
      <input_file id="fl-4e">
         <path>c:\ti\ccsv6\tools\compiler\ti-cgt-msp430_4.4.5\lib\</path>
         <kind>archive</kind>
         <file>rts430_eabi.lib</file>
         <name>_lock.obj</name>
      </input_file>
      <input_file id="fl-4f">
         <path>c:\ti\ccsv6\tools\compiler\ti-cgt-msp430_4.4.5\lib\</path>
         <kind>archive</kind>
         <file>rts430_eabi.lib</file>
         <name>args_main.obj</name>
      </input_file>
      <input_file id="fl-50">
         <path>c:\ti\ccsv6\tools\compiler\ti-cgt-msp430_4.4.5\lib\</path>
         <kind>archive</kind>
         <file>rts430_eabi.lib</file>
         <name>autoinit.obj</name>
      </input_file>
   </input_file_list>
   <object_component_list>
      <object_component id="oc-89">
         <name>.stack</name>
         <uninitialized>true</uninitialized>
         <run_address>0x3b0</run_address>
         <size>0x2</size>
         <input_file_ref idref="fl-36"/>
      </object_component>
      <object_component id="oc-267">
         <name>.stack</name>
         <uninitialized>true</uninitialized>
         <run_address>0x3b0</run_address>
         <size>0x0</size>
      </object_component>
      <object_component id="oc-164">
         <name>.text:clkSetup</name>
         <load_address>0xc000</load_address>
         <run_address>0xc000</run_address>
         <size>0xa2</size>
         <input_file_ref idref="fl-3"/>
      </object_component>
      <object_component id="oc-eb">
         <name>.text:main</name>
         <load_address>0xc0a2</load_address>
         <run_address>0xc0a2</run_address>
         <size>0xa2</size>
         <input_file_ref idref="fl-4"/>
      </object_component>
      <object_component id="oc-195">
         <name>.text:lcd_print_number</name>
         <load_address>0xc144</load_address>
         <run_address>0xc144</run_address>
         <size>0x82</size>
         <input_file_ref idref="fl-5"/>
      </object_component>
      <object_component id="oc-15e">
         <name>.text:ioSetup</name>
         <load_address>0xc1c6</load_address>
         <run_address>0xc1c6</run_address>
         <size>0x66</size>
         <input_file_ref idref="fl-3"/>
      </object_component>
      <object_component id="oc-9a">
         <name>.text:__TI_decompress_rle_core</name>
         <load_address>0xc22c</load_address>
         <run_address>0xc22c</run_address>
         <size>0x64</size>
         <input_file_ref idref="fl-39"/>
      </object_component>
      <object_component id="oc-1de">
         <name>.text:l_lsr_const</name>
         <load_address>0xc290</load_address>
         <run_address>0xc290</run_address>
         <size>0x5c</size>
         <input_file_ref idref="fl-49"/>
      </object_component>
      <object_component id="oc-d1">
         <name>.text:_auto_init</name>
         <load_address>0xc2ec</load_address>
         <run_address>0xc2ec</run_address>
         <size>0x58</size>
         <input_file_ref idref="fl-50"/>
      </object_component>
      <object_component id="oc-207">
         <name>.text</name>
         <load_address>0xc344</load_address>
         <run_address>0xc344</run_address>
         <size>0x58</size>
         <input_file_ref idref="fl-3c"/>
      </object_component>
      <object_component id="oc-a7">
         <name>.text:PORT1_ISR</name>
         <load_address>0xc39c</load_address>
         <run_address>0xc39c</run_address>
         <size>0x54</size>
         <input_file_ref idref="fl-4"/>
      </object_component>
      <object_component id="oc-ad">
         <name>.text:PORT2_ISR</name>
         <load_address>0xc3f0</load_address>
         <run_address>0xc3f0</run_address>
         <size>0x4a</size>
         <input_file_ref idref="fl-4"/>
      </object_component>
      <object_component id="oc-1ee">
         <name>.text:send_command</name>
         <load_address>0xc43a</load_address>
         <run_address>0xc43a</run_address>
         <size>0x48</size>
         <input_file_ref idref="fl-5"/>
      </object_component>
      <object_component id="oc-1f5">
         <name>.text:send_data</name>
         <load_address>0xc482</load_address>
         <run_address>0xc482</run_address>
         <size>0x48</size>
         <input_file_ref idref="fl-5"/>
      </object_component>
      <object_component id="oc-be">
         <name>.text:TA1CCR0_ISR</name>
         <load_address>0xc4ca</load_address>
         <run_address>0xc4ca</run_address>
         <size>0x3c</size>
         <input_file_ref idref="fl-4"/>
      </object_component>
      <object_component id="oc-170">
         <name>.text:interruptSetup</name>
         <load_address>0xc506</load_address>
         <run_address>0xc506</run_address>
         <size>0x38</size>
         <input_file_ref idref="fl-3"/>
      </object_component>
      <object_component id="oc-b8">
         <name>.text:T0A1_ISR</name>
         <load_address>0xc53e</load_address>
         <run_address>0xc53e</run_address>
         <size>0x30</size>
         <input_file_ref idref="fl-4"/>
      </object_component>
      <object_component id="oc-1e8">
         <name>.text:lcd_delay</name>
         <load_address>0xc56e</load_address>
         <run_address>0xc56e</run_address>
         <size>0x2e</size>
         <input_file_ref idref="fl-5"/>
      </object_component>
      <object_component id="oc-21a">
         <name>.text</name>
         <load_address>0xc59c</load_address>
         <run_address>0xc59c</run_address>
         <size>0x2c</size>
         <input_file_ref idref="fl-35"/>
      </object_component>
      <object_component id="oc-176">
         <name>.text:lcd_init</name>
         <load_address>0xc5c8</load_address>
         <run_address>0xc5c8</run_address>
         <size>0x26</size>
         <input_file_ref idref="fl-5"/>
      </object_component>
      <object_component id="oc-141">
         <name>.text</name>
         <load_address>0xc5ee</load_address>
         <run_address>0xc5ee</run_address>
         <size>0x26</size>
         <input_file_ref idref="fl-4c"/>
      </object_component>
      <object_component id="oc-1ff">
         <name>.text:getTACCRfromFreq</name>
         <load_address>0xc614</load_address>
         <run_address>0xc614</run_address>
         <size>0x22</size>
         <input_file_ref idref="fl-2"/>
      </object_component>
      <object_component id="oc-18f">
         <name>.text:lcd_clear</name>
         <load_address>0xc636</load_address>
         <run_address>0xc636</run_address>
         <size>0x1e</size>
         <input_file_ref idref="fl-5"/>
      </object_component>
      <object_component id="oc-65">
         <name>.text:_c_int00_noargs_noexit</name>
         <load_address>0xc654</load_address>
         <run_address>0xc654</run_address>
         <size>0x1a</size>
         <input_file_ref idref="fl-37"/>
      </object_component>
      <object_component id="oc-16a">
         <name>.text:timerSetup</name>
         <load_address>0xc66e</load_address>
         <run_address>0xc66e</run_address>
         <size>0x1a</size>
         <input_file_ref idref="fl-3"/>
      </object_component>
      <object_component id="oc-183">
         <name>.text:lcd_gotoRow</name>
         <load_address>0xc688</load_address>
         <run_address>0xc688</run_address>
         <size>0x18</size>
         <input_file_ref idref="fl-5"/>
      </object_component>
      <object_component id="oc-122">
         <name>.text</name>
         <load_address>0xc6a0</load_address>
         <run_address>0xc6a0</run_address>
         <size>0x16</size>
         <input_file_ref idref="fl-3b"/>
      </object_component>
      <object_component id="oc-189">
         <name>.text:setHVFrequency</name>
         <load_address>0xc6b6</load_address>
         <run_address>0xc6b6</run_address>
         <size>0x16</size>
         <input_file_ref idref="fl-6"/>
      </object_component>
      <object_component id="oc-21f">
         <name>.text:data_write</name>
         <load_address>0xc6cc</load_address>
         <run_address>0xc6cc</run_address>
         <size>0x14</size>
         <input_file_ref idref="fl-5"/>
      </object_component>
      <object_component id="oc-47">
         <name>.text:decompress:ZI:__TI_zero_init</name>
         <load_address>0xc6e0</load_address>
         <run_address>0xc6e0</run_address>
         <size>0x14</size>
         <input_file_ref idref="fl-3a"/>
      </object_component>
      <object_component id="oc-2f">
         <name>.text:decompress:none:__TI_decompress_none</name>
         <load_address>0xc6f4</load_address>
         <run_address>0xc6f4</run_address>
         <size>0x12</size>
         <input_file_ref idref="fl-38"/>
      </object_component>
      <object_component id="oc-1d4">
         <name>.text:initGM</name>
         <load_address>0xc706</load_address>
         <run_address>0xc706</run_address>
         <size>0x12</size>
         <input_file_ref idref="fl-6"/>
      </object_component>
      <object_component id="oc-17d">
         <name>.text:lcd_print</name>
         <load_address>0xc718</load_address>
         <run_address>0xc718</run_address>
         <size>0x12</size>
         <input_file_ref idref="fl-5"/>
      </object_component>
      <object_component id="oc-8d">
         <name>.text:memcpy</name>
         <load_address>0xc72a</load_address>
         <run_address>0xc72a</run_address>
         <size>0x12</size>
         <input_file_ref idref="fl-4a"/>
      </object_component>
      <object_component id="oc-1ab">
         <name>.text:soundOn</name>
         <load_address>0xc73c</load_address>
         <run_address>0xc73c</run_address>
         <size>0x12</size>
         <input_file_ref idref="fl-6"/>
      </object_component>
      <object_component id="oc-114">
         <name>.text</name>
         <load_address>0xc74e</load_address>
         <run_address>0xc74e</run_address>
         <size>0x10</size>
         <input_file_ref idref="fl-3d"/>
      </object_component>
      <object_component id="oc-13a">
         <name>.text:soundOff</name>
         <load_address>0xc75e</load_address>
         <run_address>0xc75e</run_address>
         <size>0xe</size>
         <input_file_ref idref="fl-6"/>
      </object_component>
      <object_component id="oc-131">
         <name>.text:soundTick</name>
         <load_address>0xc76c</load_address>
         <run_address>0xc76c</run_address>
         <size>0xe</size>
         <input_file_ref idref="fl-6"/>
      </object_component>
      <object_component id="oc-b3">
         <name>.text:_isr:__TI_ISR_TRAP</name>
         <load_address>0xc77a</load_address>
         <run_address>0xc77a</run_address>
         <size>0x6</size>
         <input_file_ref idref="fl-48"/>
      </object_component>
      <object_component id="oc-35">
         <name>.text:decompress:rle24:__TI_decompress_rle24</name>
         <load_address>0xc780</load_address>
         <run_address>0xc780</run_address>
         <size>0x6</size>
         <input_file_ref idref="fl-39"/>
      </object_component>
      <object_component id="oc-cb">
         <name>.text:_system_pre_init</name>
         <load_address>0xc786</load_address>
         <run_address>0xc786</run_address>
         <size>0x4</size>
         <input_file_ref idref="fl-4d"/>
      </object_component>
      <object_component id="oc-f3">
         <name>.text:abort</name>
         <load_address>0xc78a</load_address>
         <run_address>0xc78a</run_address>
         <size>0x4</size>
         <input_file_ref idref="fl-3e"/>
      </object_component>
      <object_component id="oc-266">
         <name>.cinit..data.load</name>
         <load_address>0xc7c0</load_address>
         <run_address>0xc7c0</run_address>
         <size>0x8</size>
      </object_component>
      <object_component id="oc-263">
         <name>__TI_handler_table</name>
         <load_address>0xc7c8</load_address>
         <run_address>0xc7c8</run_address>
         <size>0x6</size>
      </object_component>
      <object_component id="oc-265">
         <name>.cinit..bss.load</name>
         <load_address>0xc7ce</load_address>
         <run_address>0xc7ce</run_address>
         <size>0x4</size>
      </object_component>
      <object_component id="oc-264">
         <name>__TI_cinit_table</name>
         <load_address>0xc7d2</load_address>
         <run_address>0xc7d2</run_address>
         <size>0x8</size>
      </object_component>
      <object_component id="oc-17c">
         <name>.const:.string</name>
         <load_address>0xc78e</load_address>
         <run_address>0xc78e</run_address>
         <size>0x2a</size>
         <input_file_ref idref="fl-4"/>
      </object_component>
      <object_component id="oc-11c">
         <name>.const</name>
         <load_address>0xc7b8</load_address>
         <run_address>0xc7b8</run_address>
         <size>0x8</size>
         <input_file_ref idref="fl-4"/>
      </object_component>
      <object_component id="oc-3b">
         <name>.int02</name>
         <load_address>0xffe4</load_address>
         <run_address>0xffe4</run_address>
         <size>0x2</size>
         <input_file_ref idref="fl-4"/>
      </object_component>
      <object_component id="oc-3c">
         <name>.int03</name>
         <load_address>0xffe6</load_address>
         <run_address>0xffe6</run_address>
         <size>0x2</size>
         <input_file_ref idref="fl-4"/>
      </object_component>
      <object_component id="oc-3d">
         <name>.int05</name>
         <load_address>0xffea</load_address>
         <run_address>0xffea</run_address>
         <size>0x2</size>
         <input_file_ref idref="fl-40"/>
      </object_component>
      <object_component id="oc-3e">
         <name>.int06</name>
         <load_address>0xffec</load_address>
         <run_address>0xffec</run_address>
         <size>0x2</size>
         <input_file_ref idref="fl-41"/>
      </object_component>
      <object_component id="oc-3f">
         <name>.int07</name>
         <load_address>0xffee</load_address>
         <run_address>0xffee</run_address>
         <size>0x2</size>
         <input_file_ref idref="fl-42"/>
      </object_component>
      <object_component id="oc-40">
         <name>.int08</name>
         <load_address>0xfff0</load_address>
         <run_address>0xfff0</run_address>
         <size>0x2</size>
         <input_file_ref idref="fl-4"/>
      </object_component>
      <object_component id="oc-41">
         <name>.int09</name>
         <load_address>0xfff2</load_address>
         <run_address>0xfff2</run_address>
         <size>0x2</size>
         <input_file_ref idref="fl-43"/>
      </object_component>
      <object_component id="oc-42">
         <name>.int10</name>
         <load_address>0xfff4</load_address>
         <run_address>0xfff4</run_address>
         <size>0x2</size>
         <input_file_ref idref="fl-44"/>
      </object_component>
      <object_component id="oc-43">
         <name>.int11</name>
         <load_address>0xfff6</load_address>
         <run_address>0xfff6</run_address>
         <size>0x2</size>
         <input_file_ref idref="fl-45"/>
      </object_component>
      <object_component id="oc-44">
         <name>.int12</name>
         <load_address>0xfff8</load_address>
         <run_address>0xfff8</run_address>
         <size>0x2</size>
         <input_file_ref idref="fl-46"/>
      </object_component>
      <object_component id="oc-45">
         <name>.int13</name>
         <load_address>0xfffa</load_address>
         <run_address>0xfffa</run_address>
         <size>0x2</size>
         <input_file_ref idref="fl-4"/>
      </object_component>
      <object_component id="oc-46">
         <name>.int14</name>
         <load_address>0xfffc</load_address>
         <run_address>0xfffc</run_address>
         <size>0x2</size>
         <input_file_ref idref="fl-47"/>
      </object_component>
      <object_component id="oc-8c">
         <name>.reset</name>
         <load_address>0xfffe</load_address>
         <run_address>0xfffe</run_address>
         <size>0x2</size>
         <input_file_ref idref="fl-36"/>
      </object_component>
      <object_component id="oc-1db">
         <name>.common:MCLK_freq</name>
         <uninitialized>true</uninitialized>
         <run_address>0x204</run_address>
         <size>0x4</size>
      </object_component>
      <object_component id="oc-1e3">
         <name>.common:SMCLK_freq</name>
         <uninitialized>true</uninitialized>
         <run_address>0x208</run_address>
         <size>0x4</size>
      </object_component>
      <object_component id="oc-1e4">
         <name>.common:ACLK_freq</name>
         <uninitialized>true</uninitialized>
         <run_address>0x200</run_address>
         <size>0x4</size>
      </object_component>
      <object_component id="oc-12b">
         <name>.common:pulseCount</name>
         <uninitialized>true</uninitialized>
         <run_address>0x210</run_address>
         <size>0x4</size>
      </object_component>
      <object_component id="oc-139">
         <name>.common:tickCount</name>
         <uninitialized>true</uninitialized>
         <run_address>0x214</run_address>
         <size>0x4</size>
      </object_component>
      <object_component id="oc-130">
         <name>.common:windowCount</name>
         <uninitialized>true</uninitialized>
         <run_address>0x218</run_address>
         <size>0x4</size>
      </object_component>
      <object_component id="oc-146">
         <name>.common:cpm</name>
         <uninitialized>true</uninitialized>
         <run_address>0x20c</run_address>
         <size>0x4</size>
      </object_component>
      <object_component id="oc-11f">
         <name>.common:hvFrequency</name>
         <uninitialized>true</uninitialized>
         <run_address>0x21c</run_address>
         <size>0x2</size>
      </object_component>
      <object_component id="oc-218">
         <name>.common:i</name>
         <uninitialized>true</uninitialized>
         <run_address>0x21e</run_address>
         <size>0x2</size>
      </object_component>
      <object_component id="oc-217">
         <name>.common:j</name>
         <uninitialized>true</uninitialized>
         <run_address>0x220</run_address>
         <size>0x2</size>
      </object_component>
      <object_component id="oc-127">
         <name>.data</name>
         <load_address>0x222</load_address>
         <run_address>0x222</run_address>
         <size>0x4</size>
         <input_file_ref idref="fl-4"/>
      </object_component>
      <object_component id="oc-1dc">
         <name>.debug_info</name>
         <load_address>0x0</load_address>
         <run_address>0x0</run_address>
         <size>0x1a8</size>
         <input_file_ref idref="fl-2"/>
      </object_component>
      <object_component id="oc-200">
         <name>.debug_info</name>
         <load_address>0x1a8</load_address>
         <run_address>0x1a8</run_address>
         <size>0x16b</size>
         <input_file_ref idref="fl-2"/>
      </object_component>
      <object_component id="oc-101">
         <name>.debug_info</name>
         <load_address>0x313</load_address>
         <run_address>0x313</run_address>
         <size>0x84</size>
         <input_file_ref idref="fl-2"/>
      </object_component>
      <object_component id="oc-12c">
         <name>.debug_info</name>
         <load_address>0x397</load_address>
         <run_address>0x397</run_address>
         <size>0x5eb</size>
         <input_file_ref idref="fl-3"/>
      </object_component>
      <object_component id="oc-15f">
         <name>.debug_info</name>
         <load_address>0x982</load_address>
         <run_address>0x982</run_address>
         <size>0x117</size>
         <input_file_ref idref="fl-3"/>
      </object_component>
      <object_component id="oc-165">
         <name>.debug_info</name>
         <load_address>0xa99</load_address>
         <run_address>0xa99</run_address>
         <size>0x158</size>
         <input_file_ref idref="fl-3"/>
      </object_component>
      <object_component id="oc-16b">
         <name>.debug_info</name>
         <load_address>0xbf1</load_address>
         <run_address>0xbf1</run_address>
         <size>0x110</size>
         <input_file_ref idref="fl-3"/>
      </object_component>
      <object_component id="oc-171">
         <name>.debug_info</name>
         <load_address>0xd01</load_address>
         <run_address>0xd01</run_address>
         <size>0x118</size>
         <input_file_ref idref="fl-3"/>
      </object_component>
      <object_component id="oc-120">
         <name>.debug_info</name>
         <load_address>0xe19</load_address>
         <run_address>0xe19</run_address>
         <size>0x542</size>
         <input_file_ref idref="fl-4"/>
      </object_component>
      <object_component id="oc-11d">
         <name>.debug_info</name>
         <load_address>0x135b</load_address>
         <run_address>0x135b</run_address>
         <size>0x162</size>
         <input_file_ref idref="fl-4"/>
      </object_component>
      <object_component id="oc-128">
         <name>.debug_info</name>
         <load_address>0x14bd</load_address>
         <run_address>0x14bd</run_address>
         <size>0x10a</size>
         <input_file_ref idref="fl-4"/>
      </object_component>
      <object_component id="oc-ec">
         <name>.debug_info</name>
         <load_address>0x15c7</load_address>
         <run_address>0x15c7</run_address>
         <size>0x218</size>
         <input_file_ref idref="fl-4"/>
      </object_component>
      <object_component id="oc-a8">
         <name>.debug_info</name>
         <load_address>0x17df</load_address>
         <run_address>0x17df</run_address>
         <size>0x120</size>
         <input_file_ref idref="fl-4"/>
      </object_component>
      <object_component id="oc-ae">
         <name>.debug_info</name>
         <load_address>0x18ff</load_address>
         <run_address>0x18ff</run_address>
         <size>0x11c</size>
         <input_file_ref idref="fl-4"/>
      </object_component>
      <object_component id="oc-b9">
         <name>.debug_info</name>
         <load_address>0x1a1b</load_address>
         <run_address>0x1a1b</run_address>
         <size>0x119</size>
         <input_file_ref idref="fl-4"/>
      </object_component>
      <object_component id="oc-bf">
         <name>.debug_info</name>
         <load_address>0x1b34</load_address>
         <run_address>0x1b34</run_address>
         <size>0x127</size>
         <input_file_ref idref="fl-4"/>
      </object_component>
      <object_component id="oc-1fc">
         <name>.debug_info</name>
         <load_address>0x1c5b</load_address>
         <run_address>0x1c5b</run_address>
         <size>0x1aa</size>
         <input_file_ref idref="fl-5"/>
      </object_component>
      <object_component id="oc-1e9">
         <name>.debug_info</name>
         <load_address>0x1e05</load_address>
         <run_address>0x1e05</run_address>
         <size>0x11e</size>
         <input_file_ref idref="fl-5"/>
      </object_component>
      <object_component id="oc-220">
         <name>.debug_info</name>
         <load_address>0x1f23</load_address>
         <run_address>0x1f23</run_address>
         <size>0x11a</size>
         <input_file_ref idref="fl-5"/>
      </object_component>
      <object_component id="oc-1ef">
         <name>.debug_info</name>
         <load_address>0x203d</load_address>
         <run_address>0x203d</run_address>
         <size>0x17c</size>
         <input_file_ref idref="fl-5"/>
      </object_component>
      <object_component id="oc-1f6">
         <name>.debug_info</name>
         <load_address>0x21b9</load_address>
         <run_address>0x21b9</run_address>
         <size>0x170</size>
         <input_file_ref idref="fl-5"/>
      </object_component>
      <object_component id="oc-17e">
         <name>.debug_info</name>
         <load_address>0x2329</load_address>
         <run_address>0x2329</run_address>
         <size>0x12e</size>
         <input_file_ref idref="fl-5"/>
      </object_component>
      <object_component id="oc-196">
         <name>.debug_info</name>
         <load_address>0x2457</load_address>
         <run_address>0x2457</run_address>
         <size>0x1c1</size>
         <input_file_ref idref="fl-5"/>
      </object_component>
      <object_component id="oc-184">
         <name>.debug_info</name>
         <load_address>0x2618</load_address>
         <run_address>0x2618</run_address>
         <size>0x150</size>
         <input_file_ref idref="fl-5"/>
      </object_component>
      <object_component id="oc-190">
         <name>.debug_info</name>
         <load_address>0x2768</load_address>
         <run_address>0x2768</run_address>
         <size>0x153</size>
         <input_file_ref idref="fl-5"/>
      </object_component>
      <object_component id="oc-177">
         <name>.debug_info</name>
         <load_address>0x28bb</load_address>
         <run_address>0x28bb</run_address>
         <size>0x15f</size>
         <input_file_ref idref="fl-5"/>
      </object_component>
      <object_component id="oc-12e">
         <name>.debug_info</name>
         <load_address>0x2a1a</load_address>
         <run_address>0x2a1a</run_address>
         <size>0x2d8</size>
         <input_file_ref idref="fl-6"/>
      </object_component>
      <object_component id="oc-18a">
         <name>.debug_info</name>
         <load_address>0x2cf2</load_address>
         <run_address>0x2cf2</run_address>
         <size>0x143</size>
         <input_file_ref idref="fl-6"/>
      </object_component>
      <object_component id="oc-1d5">
         <name>.debug_info</name>
         <load_address>0x2e35</load_address>
         <run_address>0x2e35</run_address>
         <size>0x10b</size>
         <input_file_ref idref="fl-6"/>
      </object_component>
      <object_component id="oc-1ac">
         <name>.debug_info</name>
         <load_address>0x2f40</load_address>
         <run_address>0x2f40</run_address>
         <size>0x10d</size>
         <input_file_ref idref="fl-6"/>
      </object_component>
      <object_component id="oc-13b">
         <name>.debug_info</name>
         <load_address>0x304d</load_address>
         <run_address>0x304d</run_address>
         <size>0x10f</size>
         <input_file_ref idref="fl-6"/>
      </object_component>
      <object_component id="oc-132">
         <name>.debug_info</name>
         <load_address>0x315c</load_address>
         <run_address>0x315c</run_address>
         <size>0x11f</size>
         <input_file_ref idref="fl-6"/>
      </object_component>
      <object_component id="oc-21c">
         <name>.debug_info</name>
         <load_address>0x327b</load_address>
         <run_address>0x327b</run_address>
         <size>0xfd</size>
         <input_file_ref idref="fl-35"/>
      </object_component>
      <object_component id="oc-8a">
         <name>.debug_info</name>
         <load_address>0x3378</load_address>
         <run_address>0x3378</run_address>
         <size>0xd6</size>
         <input_file_ref idref="fl-36"/>
      </object_component>
      <object_component id="oc-66">
         <name>.debug_info</name>
         <load_address>0x344e</load_address>
         <run_address>0x344e</run_address>
         <size>0x177</size>
         <input_file_ref idref="fl-37"/>
      </object_component>
      <object_component id="oc-99">
         <name>.debug_info</name>
         <load_address>0x35c5</load_address>
         <run_address>0x35c5</run_address>
         <size>0x193</size>
         <input_file_ref idref="fl-38"/>
      </object_component>
      <object_component id="oc-31">
         <name>.debug_info</name>
         <load_address>0x3758</load_address>
         <run_address>0x3758</run_address>
         <size>0x1c0</size>
         <input_file_ref idref="fl-38"/>
      </object_component>
      <object_component id="oc-94">
         <name>.debug_info</name>
         <load_address>0x3918</load_address>
         <run_address>0x3918</run_address>
         <size>0x46</size>
         <input_file_ref idref="fl-38"/>
      </object_component>
      <object_component id="oc-10d">
         <name>.debug_info</name>
         <load_address>0x395e</load_address>
         <run_address>0x395e</run_address>
         <size>0x2c</size>
         <input_file_ref idref="fl-38"/>
      </object_component>
      <object_component id="oc-a1">
         <name>.debug_info</name>
         <load_address>0x398a</load_address>
         <run_address>0x398a</run_address>
         <size>0x155</size>
         <input_file_ref idref="fl-39"/>
      </object_component>
      <object_component id="oc-9c">
         <name>.debug_info</name>
         <load_address>0x3adf</load_address>
         <run_address>0x3adf</run_address>
         <size>0x21b</size>
         <input_file_ref idref="fl-39"/>
      </object_component>
      <object_component id="oc-36">
         <name>.debug_info</name>
         <load_address>0x3cfa</load_address>
         <run_address>0x3cfa</run_address>
         <size>0x192</size>
         <input_file_ref idref="fl-39"/>
      </object_component>
      <object_component id="oc-a2">
         <name>.debug_info</name>
         <load_address>0x3e8c</load_address>
         <run_address>0x3e8c</run_address>
         <size>0x39</size>
         <input_file_ref idref="fl-39"/>
      </object_component>
      <object_component id="oc-ca">
         <name>.debug_info</name>
         <load_address>0x3ec5</load_address>
         <run_address>0x3ec5</run_address>
         <size>0x14b</size>
         <input_file_ref idref="fl-3a"/>
      </object_component>
      <object_component id="oc-49">
         <name>.debug_info</name>
         <load_address>0x4010</load_address>
         <run_address>0x4010</run_address>
         <size>0x196</size>
         <input_file_ref idref="fl-3a"/>
      </object_component>
      <object_component id="oc-c5">
         <name>.debug_info</name>
         <load_address>0x41a6</load_address>
         <run_address>0x41a6</run_address>
         <size>0x46</size>
         <input_file_ref idref="fl-3a"/>
      </object_component>
      <object_component id="oc-108">
         <name>.debug_info</name>
         <load_address>0x41ec</load_address>
         <run_address>0x41ec</run_address>
         <size>0x2c</size>
         <input_file_ref idref="fl-3a"/>
      </object_component>
      <object_component id="oc-124">
         <name>.debug_info</name>
         <load_address>0x4218</load_address>
         <run_address>0x4218</run_address>
         <size>0xfe</size>
         <input_file_ref idref="fl-3b"/>
      </object_component>
      <object_component id="oc-208">
         <name>.debug_info</name>
         <load_address>0x4316</load_address>
         <run_address>0x4316</run_address>
         <size>0x100</size>
         <input_file_ref idref="fl-3c"/>
      </object_component>
      <object_component id="oc-115">
         <name>.debug_info</name>
         <load_address>0x4416</load_address>
         <run_address>0x4416</run_address>
         <size>0x10b</size>
         <input_file_ref idref="fl-3d"/>
      </object_component>
      <object_component id="oc-f4">
         <name>.debug_info</name>
         <load_address>0x4521</load_address>
         <run_address>0x4521</run_address>
         <size>0xf8</size>
         <input_file_ref idref="fl-3e"/>
      </object_component>
      <object_component id="oc-b4">
         <name>.debug_info</name>
         <load_address>0x4619</load_address>
         <run_address>0x4619</run_address>
         <size>0xec</size>
         <input_file_ref idref="fl-48"/>
      </object_component>
      <object_component id="oc-1df">
         <name>.debug_info</name>
         <load_address>0x4705</load_address>
         <run_address>0x4705</run_address>
         <size>0x103</size>
         <input_file_ref idref="fl-49"/>
      </object_component>
      <object_component id="oc-107">
         <name>.debug_info</name>
         <load_address>0x4808</load_address>
         <run_address>0x4808</run_address>
         <size>0x14e</size>
         <input_file_ref idref="fl-4a"/>
      </object_component>
      <object_component id="oc-8e">
         <name>.debug_info</name>
         <load_address>0x4956</load_address>
         <run_address>0x4956</run_address>
         <size>0x172</size>
         <input_file_ref idref="fl-4a"/>
      </object_component>
      <object_component id="oc-142">
         <name>.debug_info</name>
         <load_address>0x4ac8</load_address>
         <run_address>0x4ac8</run_address>
         <size>0xfe</size>
         <input_file_ref idref="fl-4c"/>
      </object_component>
      <object_component id="oc-cc">
         <name>.debug_info</name>
         <load_address>0x4bc6</load_address>
         <run_address>0x4bc6</run_address>
         <size>0x129</size>
         <input_file_ref idref="fl-4d"/>
      </object_component>
      <object_component id="oc-14c">
         <name>.debug_info</name>
         <load_address>0x4cef</load_address>
         <run_address>0x4cef</run_address>
         <size>0x2ca</size>
         <input_file_ref idref="fl-50"/>
      </object_component>
      <object_component id="oc-d2">
         <name>.debug_info</name>
         <load_address>0x4fb9</load_address>
         <run_address>0x4fb9</run_address>
         <size>0x17c</size>
         <input_file_ref idref="fl-50"/>
      </object_component>
      <object_component id="oc-1b6">
         <name>.debug_info</name>
         <load_address>0x5135</load_address>
         <run_address>0x5135</run_address>
         <size>0x39</size>
         <input_file_ref idref="fl-50"/>
      </object_component>
      <object_component id="oc-268">
         <name>.debug_info</name>
         <load_address>0x516e</load_address>
         <run_address>0x516e</run_address>
         <size>0xb5</size>
      </object_component>
      <object_component id="oc-215">
         <name>.debug_line</name>
         <load_address>0x0</load_address>
         <run_address>0x0</run_address>
         <size>0x2e</size>
         <input_file_ref idref="fl-2"/>
      </object_component>
      <object_component id="oc-203">
         <name>.debug_line</name>
         <load_address>0x2e</load_address>
         <run_address>0x2e</run_address>
         <size>0x42</size>
         <input_file_ref idref="fl-2"/>
      </object_component>
      <object_component id="oc-104">
         <name>.debug_line</name>
         <load_address>0x70</load_address>
         <run_address>0x70</run_address>
         <size>0x20</size>
         <input_file_ref idref="fl-2"/>
      </object_component>
      <object_component id="oc-1a8">
         <name>.debug_line</name>
         <load_address>0x90</load_address>
         <run_address>0x90</run_address>
         <size>0xb9</size>
         <input_file_ref idref="fl-3"/>
      </object_component>
      <object_component id="oc-162">
         <name>.debug_line</name>
         <load_address>0x149</load_address>
         <run_address>0x149</run_address>
         <size>0x56</size>
         <input_file_ref idref="fl-3"/>
      </object_component>
      <object_component id="oc-168">
         <name>.debug_line</name>
         <load_address>0x19f</load_address>
         <run_address>0x19f</run_address>
         <size>0x6e</size>
         <input_file_ref idref="fl-3"/>
      </object_component>
      <object_component id="oc-16e">
         <name>.debug_line</name>
         <load_address>0x20d</load_address>
         <run_address>0x20d</run_address>
         <size>0x47</size>
         <input_file_ref idref="fl-3"/>
      </object_component>
      <object_component id="oc-174">
         <name>.debug_line</name>
         <load_address>0x254</load_address>
         <run_address>0x254</run_address>
         <size>0x50</size>
         <input_file_ref idref="fl-3"/>
      </object_component>
      <object_component id="oc-1a3">
         <name>.debug_line</name>
         <load_address>0x2a4</load_address>
         <run_address>0x2a4</run_address>
         <size>0xd2</size>
         <input_file_ref idref="fl-4"/>
      </object_component>
      <object_component id="oc-1a1">
         <name>.debug_line</name>
         <load_address>0x376</load_address>
         <run_address>0x376</run_address>
         <size>0x31</size>
         <input_file_ref idref="fl-4"/>
      </object_component>
      <object_component id="oc-1a6">
         <name>.debug_line</name>
         <load_address>0x3a7</load_address>
         <run_address>0x3a7</run_address>
         <size>0x2d</size>
         <input_file_ref idref="fl-4"/>
      </object_component>
      <object_component id="oc-ef">
         <name>.debug_line</name>
         <load_address>0x3d4</load_address>
         <run_address>0x3d4</run_address>
         <size>0x64</size>
         <input_file_ref idref="fl-4"/>
      </object_component>
      <object_component id="oc-ab">
         <name>.debug_line</name>
         <load_address>0x438</load_address>
         <run_address>0x438</run_address>
         <size>0x50</size>
         <input_file_ref idref="fl-4"/>
      </object_component>
      <object_component id="oc-b1">
         <name>.debug_line</name>
         <load_address>0x488</load_address>
         <run_address>0x488</run_address>
         <size>0x4e</size>
         <input_file_ref idref="fl-4"/>
      </object_component>
      <object_component id="oc-bc">
         <name>.debug_line</name>
         <load_address>0x4d6</load_address>
         <run_address>0x4d6</run_address>
         <size>0x49</size>
         <input_file_ref idref="fl-4"/>
      </object_component>
      <object_component id="oc-c2">
         <name>.debug_line</name>
         <load_address>0x51f</load_address>
         <run_address>0x51f</run_address>
         <size>0x45</size>
         <input_file_ref idref="fl-4"/>
      </object_component>
      <object_component id="oc-228">
         <name>.debug_line</name>
         <load_address>0x564</load_address>
         <run_address>0x564</run_address>
         <size>0x61</size>
         <input_file_ref idref="fl-5"/>
      </object_component>
      <object_component id="oc-1ec">
         <name>.debug_line</name>
         <load_address>0x5c5</load_address>
         <run_address>0x5c5</run_address>
         <size>0x4f</size>
         <input_file_ref idref="fl-5"/>
      </object_component>
      <object_component id="oc-223">
         <name>.debug_line</name>
         <load_address>0x614</load_address>
         <run_address>0x614</run_address>
         <size>0x41</size>
         <input_file_ref idref="fl-5"/>
      </object_component>
      <object_component id="oc-1f2">
         <name>.debug_line</name>
         <load_address>0x655</load_address>
         <run_address>0x655</run_address>
         <size>0x47</size>
         <input_file_ref idref="fl-5"/>
      </object_component>
      <object_component id="oc-1f9">
         <name>.debug_line</name>
         <load_address>0x69c</load_address>
         <run_address>0x69c</run_address>
         <size>0x4b</size>
         <input_file_ref idref="fl-5"/>
      </object_component>
      <object_component id="oc-181">
         <name>.debug_line</name>
         <load_address>0x6e7</load_address>
         <run_address>0x6e7</run_address>
         <size>0x45</size>
         <input_file_ref idref="fl-5"/>
      </object_component>
      <object_component id="oc-199">
         <name>.debug_line</name>
         <load_address>0x72c</load_address>
         <run_address>0x72c</run_address>
         <size>0x65</size>
         <input_file_ref idref="fl-5"/>
      </object_component>
      <object_component id="oc-187">
         <name>.debug_line</name>
         <load_address>0x791</load_address>
         <run_address>0x791</run_address>
         <size>0x47</size>
         <input_file_ref idref="fl-5"/>
      </object_component>
      <object_component id="oc-193">
         <name>.debug_line</name>
         <load_address>0x7d8</load_address>
         <run_address>0x7d8</run_address>
         <size>0x45</size>
         <input_file_ref idref="fl-5"/>
      </object_component>
      <object_component id="oc-17a">
         <name>.debug_line</name>
         <load_address>0x81d</load_address>
         <run_address>0x81d</run_address>
         <size>0x48</size>
         <input_file_ref idref="fl-5"/>
      </object_component>
      <object_component id="oc-1aa">
         <name>.debug_line</name>
         <load_address>0x865</load_address>
         <run_address>0x865</run_address>
         <size>0x81</size>
         <input_file_ref idref="fl-6"/>
      </object_component>
      <object_component id="oc-18d">
         <name>.debug_line</name>
         <load_address>0x8e6</load_address>
         <run_address>0x8e6</run_address>
         <size>0x43</size>
         <input_file_ref idref="fl-6"/>
      </object_component>
      <object_component id="oc-1d8">
         <name>.debug_line</name>
         <load_address>0x929</load_address>
         <run_address>0x929</run_address>
         <size>0x43</size>
         <input_file_ref idref="fl-6"/>
      </object_component>
      <object_component id="oc-1af">
         <name>.debug_line</name>
         <load_address>0x96c</load_address>
         <run_address>0x96c</run_address>
         <size>0x46</size>
         <input_file_ref idref="fl-6"/>
      </object_component>
      <object_component id="oc-13e">
         <name>.debug_line</name>
         <load_address>0x9b2</load_address>
         <run_address>0x9b2</run_address>
         <size>0x43</size>
         <input_file_ref idref="fl-6"/>
      </object_component>
      <object_component id="oc-135">
         <name>.debug_line</name>
         <load_address>0x9f5</load_address>
         <run_address>0x9f5</run_address>
         <size>0x45</size>
         <input_file_ref idref="fl-6"/>
      </object_component>
      <object_component id="oc-21b">
         <name>.debug_line</name>
         <load_address>0xa3a</load_address>
         <run_address>0xa3a</run_address>
         <size>0x4e</size>
         <input_file_ref idref="fl-35"/>
      </object_component>
      <object_component id="oc-100">
         <name>.debug_line</name>
         <load_address>0xa88</load_address>
         <run_address>0xa88</run_address>
         <size>0x2a</size>
         <input_file_ref idref="fl-36"/>
      </object_component>
      <object_component id="oc-69">
         <name>.debug_line</name>
         <load_address>0xab2</load_address>
         <run_address>0xab2</run_address>
         <size>0x4c</size>
         <input_file_ref idref="fl-37"/>
      </object_component>
      <object_component id="oc-113">
         <name>.debug_line</name>
         <load_address>0xafe</load_address>
         <run_address>0xafe</run_address>
         <size>0x80</size>
         <input_file_ref idref="fl-38"/>
      </object_component>
      <object_component id="oc-33">
         <name>.debug_line</name>
         <load_address>0xb7e</load_address>
         <run_address>0xb7e</run_address>
         <size>0x50</size>
         <input_file_ref idref="fl-38"/>
      </object_component>
      <object_component id="oc-97">
         <name>.debug_line</name>
         <load_address>0xbce</load_address>
         <run_address>0xbce</run_address>
         <size>0x3a</size>
         <input_file_ref idref="fl-38"/>
      </object_component>
      <object_component id="oc-110">
         <name>.debug_line</name>
         <load_address>0xc08</load_address>
         <run_address>0xc08</run_address>
         <size>0x80</size>
         <input_file_ref idref="fl-38"/>
      </object_component>
      <object_component id="oc-11b">
         <name>.debug_line</name>
         <load_address>0xc88</load_address>
         <run_address>0xc88</run_address>
         <size>0x20</size>
         <input_file_ref idref="fl-39"/>
      </object_component>
      <object_component id="oc-9e">
         <name>.debug_line</name>
         <load_address>0xca8</load_address>
         <run_address>0xca8</run_address>
         <size>0x87</size>
         <input_file_ref idref="fl-39"/>
      </object_component>
      <object_component id="oc-39">
         <name>.debug_line</name>
         <load_address>0xd2f</load_address>
         <run_address>0xd2f</run_address>
         <size>0x49</size>
         <input_file_ref idref="fl-39"/>
      </object_component>
      <object_component id="oc-a5">
         <name>.debug_line</name>
         <load_address>0xd78</load_address>
         <run_address>0xd78</run_address>
         <size>0x39</size>
         <input_file_ref idref="fl-39"/>
      </object_component>
      <object_component id="oc-149">
         <name>.debug_line</name>
         <load_address>0xdb1</load_address>
         <run_address>0xdb1</run_address>
         <size>0x20</size>
         <input_file_ref idref="fl-3a"/>
      </object_component>
      <object_component id="oc-4c">
         <name>.debug_line</name>
         <load_address>0xdd1</load_address>
         <run_address>0xdd1</run_address>
         <size>0x4d</size>
         <input_file_ref idref="fl-3a"/>
      </object_component>
      <object_component id="oc-c8">
         <name>.debug_line</name>
         <load_address>0xe1e</load_address>
         <run_address>0xe1e</run_address>
         <size>0x34</size>
         <input_file_ref idref="fl-3a"/>
      </object_component>
      <object_component id="oc-10b">
         <name>.debug_line</name>
         <load_address>0xe52</load_address>
         <run_address>0xe52</run_address>
         <size>0x80</size>
         <input_file_ref idref="fl-3a"/>
      </object_component>
      <object_component id="oc-123">
         <name>.debug_line</name>
         <load_address>0xed2</load_address>
         <run_address>0xed2</run_address>
         <size>0x43</size>
         <input_file_ref idref="fl-3b"/>
      </object_component>
      <object_component id="oc-20b">
         <name>.debug_line</name>
         <load_address>0xf15</load_address>
         <run_address>0xf15</run_address>
         <size>0x64</size>
         <input_file_ref idref="fl-3c"/>
      </object_component>
      <object_component id="oc-118">
         <name>.debug_line</name>
         <load_address>0xf79</load_address>
         <run_address>0xf79</run_address>
         <size>0x40</size>
         <input_file_ref idref="fl-3d"/>
      </object_component>
      <object_component id="oc-f7">
         <name>.debug_line</name>
         <load_address>0xfb9</load_address>
         <run_address>0xfb9</run_address>
         <size>0x3a</size>
         <input_file_ref idref="fl-3e"/>
      </object_component>
      <object_component id="oc-b7">
         <name>.debug_line</name>
         <load_address>0xff3</load_address>
         <run_address>0xff3</run_address>
         <size>0x3c</size>
         <input_file_ref idref="fl-48"/>
      </object_component>
      <object_component id="oc-1e2">
         <name>.debug_line</name>
         <load_address>0x102f</load_address>
         <run_address>0x102f</run_address>
         <size>0x65</size>
         <input_file_ref idref="fl-49"/>
      </object_component>
      <object_component id="oc-19e">
         <name>.debug_line</name>
         <load_address>0x1094</load_address>
         <run_address>0x1094</run_address>
         <size>0x20</size>
         <input_file_ref idref="fl-4a"/>
      </object_component>
      <object_component id="oc-91">
         <name>.debug_line</name>
         <load_address>0x10b4</load_address>
         <run_address>0x10b4</run_address>
         <size>0x45</size>
         <input_file_ref idref="fl-4a"/>
      </object_component>
      <object_component id="oc-145">
         <name>.debug_line</name>
         <load_address>0x10f9</load_address>
         <run_address>0x10f9</run_address>
         <size>0x4b</size>
         <input_file_ref idref="fl-4c"/>
      </object_component>
      <object_component id="oc-cf">
         <name>.debug_line</name>
         <load_address>0x1144</load_address>
         <run_address>0x1144</run_address>
         <size>0x3e</size>
         <input_file_ref idref="fl-4d"/>
      </object_component>
      <object_component id="oc-1b5">
         <name>.debug_line</name>
         <load_address>0x1182</load_address>
         <run_address>0x1182</run_address>
         <size>0x2e</size>
         <input_file_ref idref="fl-50"/>
      </object_component>
      <object_component id="oc-d5">
         <name>.debug_line</name>
         <load_address>0x11b0</load_address>
         <run_address>0x11b0</run_address>
         <size>0x7b</size>
         <input_file_ref idref="fl-50"/>
      </object_component>
      <object_component id="oc-1b9">
         <name>.debug_line</name>
         <load_address>0x122b</load_address>
         <run_address>0x122b</run_address>
         <size>0x2e</size>
         <input_file_ref idref="fl-50"/>
      </object_component>
      <object_component id="oc-204">
         <name>.debug_frame</name>
         <load_address>0x0</load_address>
         <run_address>0x0</run_address>
         <size>0x47</size>
         <input_file_ref idref="fl-2"/>
      </object_component>
      <object_component id="oc-163">
         <name>.debug_frame</name>
         <load_address>0x47</load_address>
         <run_address>0x47</run_address>
         <size>0x47</size>
         <input_file_ref idref="fl-3"/>
      </object_component>
      <object_component id="oc-169">
         <name>.debug_frame</name>
         <load_address>0x8e</load_address>
         <run_address>0x8e</run_address>
         <size>0x48</size>
         <input_file_ref idref="fl-3"/>
      </object_component>
      <object_component id="oc-16f">
         <name>.debug_frame</name>
         <load_address>0xd6</load_address>
         <run_address>0xd6</run_address>
         <size>0x47</size>
         <input_file_ref idref="fl-3"/>
      </object_component>
      <object_component id="oc-175">
         <name>.debug_frame</name>
         <load_address>0x11d</load_address>
         <run_address>0x11d</run_address>
         <size>0x47</size>
         <input_file_ref idref="fl-3"/>
      </object_component>
      <object_component id="oc-f0">
         <name>.debug_frame</name>
         <load_address>0x164</load_address>
         <run_address>0x164</run_address>
         <size>0x48</size>
         <input_file_ref idref="fl-4"/>
      </object_component>
      <object_component id="oc-ac">
         <name>.debug_frame</name>
         <load_address>0x1ac</load_address>
         <run_address>0x1ac</run_address>
         <size>0x74</size>
         <input_file_ref idref="fl-4"/>
      </object_component>
      <object_component id="oc-b2">
         <name>.debug_frame</name>
         <load_address>0x220</load_address>
         <run_address>0x220</run_address>
         <size>0x74</size>
         <input_file_ref idref="fl-4"/>
      </object_component>
      <object_component id="oc-bd">
         <name>.debug_frame</name>
         <load_address>0x294</load_address>
         <run_address>0x294</run_address>
         <size>0x74</size>
         <input_file_ref idref="fl-4"/>
      </object_component>
      <object_component id="oc-c3">
         <name>.debug_frame</name>
         <load_address>0x308</load_address>
         <run_address>0x308</run_address>
         <size>0x74</size>
         <input_file_ref idref="fl-4"/>
      </object_component>
      <object_component id="oc-1ed">
         <name>.debug_frame</name>
         <load_address>0x37c</load_address>
         <run_address>0x37c</run_address>
         <size>0x47</size>
         <input_file_ref idref="fl-5"/>
      </object_component>
      <object_component id="oc-224">
         <name>.debug_frame</name>
         <load_address>0x3c3</load_address>
         <run_address>0x3c3</run_address>
         <size>0x47</size>
         <input_file_ref idref="fl-5"/>
      </object_component>
      <object_component id="oc-1f3">
         <name>.debug_frame</name>
         <load_address>0x40a</load_address>
         <run_address>0x40a</run_address>
         <size>0x4d</size>
         <input_file_ref idref="fl-5"/>
      </object_component>
      <object_component id="oc-1fa">
         <name>.debug_frame</name>
         <load_address>0x457</load_address>
         <run_address>0x457</run_address>
         <size>0x4d</size>
         <input_file_ref idref="fl-5"/>
      </object_component>
      <object_component id="oc-182">
         <name>.debug_frame</name>
         <load_address>0x4a4</load_address>
         <run_address>0x4a4</run_address>
         <size>0x47</size>
         <input_file_ref idref="fl-5"/>
      </object_component>
      <object_component id="oc-19a">
         <name>.debug_frame</name>
         <load_address>0x4eb</load_address>
         <run_address>0x4eb</run_address>
         <size>0x5c</size>
         <input_file_ref idref="fl-5"/>
      </object_component>
      <object_component id="oc-188">
         <name>.debug_frame</name>
         <load_address>0x547</load_address>
         <run_address>0x547</run_address>
         <size>0x47</size>
         <input_file_ref idref="fl-5"/>
      </object_component>
      <object_component id="oc-194">
         <name>.debug_frame</name>
         <load_address>0x58e</load_address>
         <run_address>0x58e</run_address>
         <size>0x47</size>
         <input_file_ref idref="fl-5"/>
      </object_component>
      <object_component id="oc-17b">
         <name>.debug_frame</name>
         <load_address>0x5d5</load_address>
         <run_address>0x5d5</run_address>
         <size>0x47</size>
         <input_file_ref idref="fl-5"/>
      </object_component>
      <object_component id="oc-18e">
         <name>.debug_frame</name>
         <load_address>0x61c</load_address>
         <run_address>0x61c</run_address>
         <size>0x47</size>
         <input_file_ref idref="fl-6"/>
      </object_component>
      <object_component id="oc-1d9">
         <name>.debug_frame</name>
         <load_address>0x663</load_address>
         <run_address>0x663</run_address>
         <size>0x47</size>
         <input_file_ref idref="fl-6"/>
      </object_component>
      <object_component id="oc-1b0">
         <name>.debug_frame</name>
         <load_address>0x6aa</load_address>
         <run_address>0x6aa</run_address>
         <size>0x47</size>
         <input_file_ref idref="fl-6"/>
      </object_component>
      <object_component id="oc-13f">
         <name>.debug_frame</name>
         <load_address>0x6f1</load_address>
         <run_address>0x6f1</run_address>
         <size>0x47</size>
         <input_file_ref idref="fl-6"/>
      </object_component>
      <object_component id="oc-136">
         <name>.debug_frame</name>
         <load_address>0x738</load_address>
         <run_address>0x738</run_address>
         <size>0x47</size>
         <input_file_ref idref="fl-6"/>
      </object_component>
      <object_component id="oc-6a">
         <name>.debug_frame</name>
         <load_address>0x77f</load_address>
         <run_address>0x77f</run_address>
         <size>0x42</size>
         <input_file_ref idref="fl-37"/>
      </object_component>
      <object_component id="oc-34">
         <name>.debug_frame</name>
         <load_address>0x7c1</load_address>
         <run_address>0x7c1</run_address>
         <size>0x47</size>
         <input_file_ref idref="fl-38"/>
      </object_component>
      <object_component id="oc-9f">
         <name>.debug_frame</name>
         <load_address>0x808</load_address>
         <run_address>0x808</run_address>
         <size>0x51</size>
         <input_file_ref idref="fl-39"/>
      </object_component>
      <object_component id="oc-3a">
         <name>.debug_frame</name>
         <load_address>0x859</load_address>
         <run_address>0x859</run_address>
         <size>0x47</size>
         <input_file_ref idref="fl-39"/>
      </object_component>
      <object_component id="oc-48">
         <name>.debug_frame</name>
         <load_address>0x8a0</load_address>
         <run_address>0x8a0</run_address>
         <size>0x47</size>
         <input_file_ref idref="fl-3a"/>
      </object_component>
      <object_component id="oc-f8">
         <name>.debug_frame</name>
         <load_address>0x8e7</load_address>
         <run_address>0x8e7</run_address>
         <size>0x47</size>
         <input_file_ref idref="fl-3e"/>
      </object_component>
      <object_component id="oc-92">
         <name>.debug_frame</name>
         <load_address>0x92e</load_address>
         <run_address>0x92e</run_address>
         <size>0x47</size>
         <input_file_ref idref="fl-4a"/>
      </object_component>
      <object_component id="oc-d0">
         <name>.debug_frame</name>
         <load_address>0x975</load_address>
         <run_address>0x975</run_address>
         <size>0x47</size>
         <input_file_ref idref="fl-4d"/>
      </object_component>
      <object_component id="oc-d6">
         <name>.debug_frame</name>
         <load_address>0x9bc</load_address>
         <run_address>0x9bc</run_address>
         <size>0x51</size>
         <input_file_ref idref="fl-50"/>
      </object_component>
      <object_component id="oc-214">
         <name>.debug_abbrev</name>
         <load_address>0x0</load_address>
         <run_address>0x0</run_address>
         <size>0x44</size>
         <input_file_ref idref="fl-2"/>
      </object_component>
      <object_component id="oc-229">
         <name>.debug_abbrev</name>
         <load_address>0x44</load_address>
         <run_address>0x44</run_address>
         <size>0x7c</size>
         <input_file_ref idref="fl-2"/>
      </object_component>
      <object_component id="oc-103">
         <name>.debug_abbrev</name>
         <load_address>0xc0</load_address>
         <run_address>0xc0</run_address>
         <size>0x1f</size>
         <input_file_ref idref="fl-2"/>
      </object_component>
      <object_component id="oc-1a7">
         <name>.debug_abbrev</name>
         <load_address>0xdf</load_address>
         <run_address>0xdf</run_address>
         <size>0xa3</size>
         <input_file_ref idref="fl-3"/>
      </object_component>
      <object_component id="oc-1da">
         <name>.debug_abbrev</name>
         <load_address>0x182</load_address>
         <run_address>0x182</run_address>
         <size>0x5e</size>
         <input_file_ref idref="fl-3"/>
      </object_component>
      <object_component id="oc-1e5">
         <name>.debug_abbrev</name>
         <load_address>0x1e0</load_address>
         <run_address>0x1e0</run_address>
         <size>0x7a</size>
         <input_file_ref idref="fl-3"/>
      </object_component>
      <object_component id="oc-1e6">
         <name>.debug_abbrev</name>
         <load_address>0x25a</load_address>
         <run_address>0x25a</run_address>
         <size>0x50</size>
         <input_file_ref idref="fl-3"/>
      </object_component>
      <object_component id="oc-1e7">
         <name>.debug_abbrev</name>
         <load_address>0x2aa</load_address>
         <run_address>0x2aa</run_address>
         <size>0x50</size>
         <input_file_ref idref="fl-3"/>
      </object_component>
      <object_component id="oc-1a2">
         <name>.debug_abbrev</name>
         <load_address>0x2fa</load_address>
         <run_address>0x2fa</run_address>
         <size>0xdb</size>
         <input_file_ref idref="fl-4"/>
      </object_component>
      <object_component id="oc-1a0">
         <name>.debug_abbrev</name>
         <load_address>0x3d5</load_address>
         <run_address>0x3d5</run_address>
         <size>0x29</size>
         <input_file_ref idref="fl-4"/>
      </object_component>
      <object_component id="oc-1a5">
         <name>.debug_abbrev</name>
         <load_address>0x3fe</load_address>
         <run_address>0x3fe</run_address>
         <size>0x29</size>
         <input_file_ref idref="fl-4"/>
      </object_component>
      <object_component id="oc-19b">
         <name>.debug_abbrev</name>
         <load_address>0x427</load_address>
         <run_address>0x427</run_address>
         <size>0x54</size>
         <input_file_ref idref="fl-4"/>
      </object_component>
      <object_component id="oc-12a">
         <name>.debug_abbrev</name>
         <load_address>0x47b</load_address>
         <run_address>0x47b</run_address>
         <size>0x61</size>
         <input_file_ref idref="fl-4"/>
      </object_component>
      <object_component id="oc-137">
         <name>.debug_abbrev</name>
         <load_address>0x4dc</load_address>
         <run_address>0x4dc</run_address>
         <size>0x61</size>
         <input_file_ref idref="fl-4"/>
      </object_component>
      <object_component id="oc-140">
         <name>.debug_abbrev</name>
         <load_address>0x53d</load_address>
         <run_address>0x53d</run_address>
         <size>0x61</size>
         <input_file_ref idref="fl-4"/>
      </object_component>
      <object_component id="oc-147">
         <name>.debug_abbrev</name>
         <load_address>0x59e</load_address>
         <run_address>0x59e</run_address>
         <size>0x61</size>
         <input_file_ref idref="fl-4"/>
      </object_component>
      <object_component id="oc-227">
         <name>.debug_abbrev</name>
         <load_address>0x5ff</load_address>
         <run_address>0x5ff</run_address>
         <size>0x6e</size>
         <input_file_ref idref="fl-5"/>
      </object_component>
      <object_component id="oc-219">
         <name>.debug_abbrev</name>
         <load_address>0x66d</load_address>
         <run_address>0x66d</run_address>
         <size>0x6c</size>
         <input_file_ref idref="fl-5"/>
      </object_component>
      <object_component id="oc-22c">
         <name>.debug_abbrev</name>
         <load_address>0x6d9</load_address>
         <run_address>0x6d9</run_address>
         <size>0x5e</size>
         <input_file_ref idref="fl-5"/>
      </object_component>
      <object_component id="oc-225">
         <name>.debug_abbrev</name>
         <load_address>0x737</load_address>
         <run_address>0x737</run_address>
         <size>0x7a</size>
         <input_file_ref idref="fl-5"/>
      </object_component>
      <object_component id="oc-226">
         <name>.debug_abbrev</name>
         <load_address>0x7b1</load_address>
         <run_address>0x7b1</run_address>
         <size>0x7a</size>
         <input_file_ref idref="fl-5"/>
      </object_component>
      <object_component id="oc-1fb">
         <name>.debug_abbrev</name>
         <load_address>0x82b</load_address>
         <run_address>0x82b</run_address>
         <size>0x7a</size>
         <input_file_ref idref="fl-5"/>
      </object_component>
      <object_component id="oc-20c">
         <name>.debug_abbrev</name>
         <load_address>0x8a5</load_address>
         <run_address>0x8a5</run_address>
         <size>0x7a</size>
         <input_file_ref idref="fl-5"/>
      </object_component>
      <object_component id="oc-1fe">
         <name>.debug_abbrev</name>
         <load_address>0x91f</load_address>
         <run_address>0x91f</run_address>
         <size>0x7a</size>
         <input_file_ref idref="fl-5"/>
      </object_component>
      <object_component id="oc-206">
         <name>.debug_abbrev</name>
         <load_address>0x999</load_address>
         <run_address>0x999</run_address>
         <size>0x5e</size>
         <input_file_ref idref="fl-5"/>
      </object_component>
      <object_component id="oc-1f4">
         <name>.debug_abbrev</name>
         <load_address>0x9f7</load_address>
         <run_address>0x9f7</run_address>
         <size>0x5e</size>
         <input_file_ref idref="fl-5"/>
      </object_component>
      <object_component id="oc-1a9">
         <name>.debug_abbrev</name>
         <load_address>0xa55</load_address>
         <run_address>0xa55</run_address>
         <size>0x8f</size>
         <input_file_ref idref="fl-6"/>
      </object_component>
      <object_component id="oc-205">
         <name>.debug_abbrev</name>
         <load_address>0xae4</load_address>
         <run_address>0xae4</run_address>
         <size>0x6c</size>
         <input_file_ref idref="fl-6"/>
      </object_component>
      <object_component id="oc-213">
         <name>.debug_abbrev</name>
         <load_address>0xb50</load_address>
         <run_address>0xb50</run_address>
         <size>0x50</size>
         <input_file_ref idref="fl-6"/>
      </object_component>
      <object_component id="oc-20d">
         <name>.debug_abbrev</name>
         <load_address>0xba0</load_address>
         <run_address>0xba0</run_address>
         <size>0x50</size>
         <input_file_ref idref="fl-6"/>
      </object_component>
      <object_component id="oc-1b2">
         <name>.debug_abbrev</name>
         <load_address>0xbf0</load_address>
         <run_address>0xbf0</run_address>
         <size>0x50</size>
         <input_file_ref idref="fl-6"/>
      </object_component>
      <object_component id="oc-1b1">
         <name>.debug_abbrev</name>
         <load_address>0xc40</load_address>
         <run_address>0xc40</run_address>
         <size>0x5e</size>
         <input_file_ref idref="fl-6"/>
      </object_component>
      <object_component id="oc-22b">
         <name>.debug_abbrev</name>
         <load_address>0xc9e</load_address>
         <run_address>0xc9e</run_address>
         <size>0x3c</size>
         <input_file_ref idref="fl-35"/>
      </object_component>
      <object_component id="oc-ff">
         <name>.debug_abbrev</name>
         <load_address>0xcda</load_address>
         <run_address>0xcda</run_address>
         <size>0x29</size>
         <input_file_ref idref="fl-36"/>
      </object_component>
      <object_component id="oc-f9">
         <name>.debug_abbrev</name>
         <load_address>0xd03</load_address>
         <run_address>0xd03</run_address>
         <size>0x58</size>
         <input_file_ref idref="fl-37"/>
      </object_component>
      <object_component id="oc-112">
         <name>.debug_abbrev</name>
         <load_address>0xd5b</load_address>
         <run_address>0xd5b</run_address>
         <size>0x5d</size>
         <input_file_ref idref="fl-38"/>
      </object_component>
      <object_component id="oc-93">
         <name>.debug_abbrev</name>
         <load_address>0xdb8</load_address>
         <run_address>0xdb8</run_address>
         <size>0x74</size>
         <input_file_ref idref="fl-38"/>
      </object_component>
      <object_component id="oc-96">
         <name>.debug_abbrev</name>
         <load_address>0xe2c</load_address>
         <run_address>0xe2c</run_address>
         <size>0x24</size>
         <input_file_ref idref="fl-38"/>
      </object_component>
      <object_component id="oc-10f">
         <name>.debug_abbrev</name>
         <load_address>0xe50</load_address>
         <run_address>0xe50</run_address>
         <size>0x24</size>
         <input_file_ref idref="fl-38"/>
      </object_component>
      <object_component id="oc-11a">
         <name>.debug_abbrev</name>
         <load_address>0xe74</load_address>
         <run_address>0xe74</run_address>
         <size>0x37</size>
         <input_file_ref idref="fl-39"/>
      </object_component>
      <object_component id="oc-119">
         <name>.debug_abbrev</name>
         <load_address>0xeab</load_address>
         <run_address>0xeab</run_address>
         <size>0x6d</size>
         <input_file_ref idref="fl-39"/>
      </object_component>
      <object_component id="oc-a0">
         <name>.debug_abbrev</name>
         <load_address>0xf18</load_address>
         <run_address>0xf18</run_address>
         <size>0x66</size>
         <input_file_ref idref="fl-39"/>
      </object_component>
      <object_component id="oc-a4">
         <name>.debug_abbrev</name>
         <load_address>0xf7e</load_address>
         <run_address>0xf7e</run_address>
         <size>0x24</size>
         <input_file_ref idref="fl-39"/>
      </object_component>
      <object_component id="oc-148">
         <name>.debug_abbrev</name>
         <load_address>0xfa2</load_address>
         <run_address>0xfa2</run_address>
         <size>0x37</size>
         <input_file_ref idref="fl-3a"/>
      </object_component>
      <object_component id="oc-c4">
         <name>.debug_abbrev</name>
         <load_address>0xfd9</load_address>
         <run_address>0xfd9</run_address>
         <size>0x6f</size>
         <input_file_ref idref="fl-3a"/>
      </object_component>
      <object_component id="oc-c7">
         <name>.debug_abbrev</name>
         <load_address>0x1048</load_address>
         <run_address>0x1048</run_address>
         <size>0x24</size>
         <input_file_ref idref="fl-3a"/>
      </object_component>
      <object_component id="oc-10a">
         <name>.debug_abbrev</name>
         <load_address>0x106c</load_address>
         <run_address>0x106c</run_address>
         <size>0x24</size>
         <input_file_ref idref="fl-3a"/>
      </object_component>
      <object_component id="oc-1a4">
         <name>.debug_abbrev</name>
         <load_address>0x1090</load_address>
         <run_address>0x1090</run_address>
         <size>0x3c</size>
         <input_file_ref idref="fl-3b"/>
      </object_component>
      <object_component id="oc-22a">
         <name>.debug_abbrev</name>
         <load_address>0x10cc</load_address>
         <run_address>0x10cc</run_address>
         <size>0x3c</size>
         <input_file_ref idref="fl-3c"/>
      </object_component>
      <object_component id="oc-19f">
         <name>.debug_abbrev</name>
         <load_address>0x1108</load_address>
         <run_address>0x1108</run_address>
         <size>0x3a</size>
         <input_file_ref idref="fl-3d"/>
      </object_component>
      <object_component id="oc-19c">
         <name>.debug_abbrev</name>
         <load_address>0x1142</load_address>
         <run_address>0x1142</run_address>
         <size>0x45</size>
         <input_file_ref idref="fl-3e"/>
      </object_component>
      <object_component id="oc-138">
         <name>.debug_abbrev</name>
         <load_address>0x1187</load_address>
         <run_address>0x1187</run_address>
         <size>0x28</size>
         <input_file_ref idref="fl-48"/>
      </object_component>
      <object_component id="oc-216">
         <name>.debug_abbrev</name>
         <load_address>0x11af</load_address>
         <run_address>0x11af</run_address>
         <size>0x3c</size>
         <input_file_ref idref="fl-49"/>
      </object_component>
      <object_component id="oc-19d">
         <name>.debug_abbrev</name>
         <load_address>0x11eb</load_address>
         <run_address>0x11eb</run_address>
         <size>0x3e</size>
         <input_file_ref idref="fl-4a"/>
      </object_component>
      <object_component id="oc-106">
         <name>.debug_abbrev</name>
         <load_address>0x1229</load_address>
         <run_address>0x1229</run_address>
         <size>0x71</size>
         <input_file_ref idref="fl-4a"/>
      </object_component>
      <object_component id="oc-1b3">
         <name>.debug_abbrev</name>
         <load_address>0x129a</load_address>
         <run_address>0x129a</run_address>
         <size>0x3c</size>
         <input_file_ref idref="fl-4c"/>
      </object_component>
      <object_component id="oc-14a">
         <name>.debug_abbrev</name>
         <load_address>0x12d6</load_address>
         <run_address>0x12d6</run_address>
         <size>0x55</size>
         <input_file_ref idref="fl-4d"/>
      </object_component>
      <object_component id="oc-1b4">
         <name>.debug_abbrev</name>
         <load_address>0x132b</load_address>
         <run_address>0x132b</run_address>
         <size>0x7b</size>
         <input_file_ref idref="fl-50"/>
      </object_component>
      <object_component id="oc-14b">
         <name>.debug_abbrev</name>
         <load_address>0x13a6</load_address>
         <run_address>0x13a6</run_address>
         <size>0x70</size>
         <input_file_ref idref="fl-50"/>
      </object_component>
      <object_component id="oc-1b8">
         <name>.debug_abbrev</name>
         <load_address>0x1416</load_address>
         <run_address>0x1416</run_address>
         <size>0x24</size>
         <input_file_ref idref="fl-50"/>
      </object_component>
      <object_component id="oc-269">
         <name>.debug_abbrev</name>
         <load_address>0x143a</load_address>
         <run_address>0x143a</run_address>
         <size>0xf</size>
      </object_component>
      <object_component id="oc-105">
         <name>.debug_str</name>
         <load_address>0x0</load_address>
         <run_address>0x0</run_address>
         <size>0xf5</size>
         <input_file_ref idref="fl-2"/>
      </object_component>
      <object_component id="oc-98">
         <name>.debug_str</name>
         <load_address>0xf5</load_address>
         <run_address>0xf5</run_address>
         <size>0xe1</size>
         <input_file_ref idref="fl-38"/>
      </object_component>
      <object_component id="oc-111">
         <name>.debug_str</name>
         <load_address>0x1d6</load_address>
[...]
         <name>UCB0BR1</name>
         <value>0x6b</value>
      </symbol>
      <symbol id="sm-4f">
         <name>UCB0I2CIE</name>
         <value>0x6c</value>
      </symbol>
      <symbol id="sm-50">
         <name>UCB0STAT</name>
         <value>0x6d</value>
      </symbol>
      <symbol id="sm-51">
         <name>UCB0RXBUF</name>
         <value>0x6e</value>
      </symbol>
      <symbol id="sm-52">
         <name>UCB0TXBUF</name>
         <value>0x6f</value>
      </symbol>
      <symbol id="sm-53">
         <name>UCB0I2COA</name>
         <value>0x118</value>
      </symbol>
      <symbol id="sm-54">
         <name>UCB0I2CSA</name>
         <value>0x11a</value>
      </symbol>
      <symbol id="sm-55">
         <name>WDTCTL</name>
         <value>0x120</value>
      </symbol>
      <symbol id="sm-56">
         <name>CALDCO_16MHZ</name>
         <value>0x10f8</value>
      </symbol>
      <symbol id="sm-57">
         <name>CALBC1_16MHZ</name>
         <value>0x10f9</value>
      </symbol>
      <symbol id="sm-58">
         <name>CALDCO_12MHZ</name>
         <value>0x10fa</value>
      </symbol>
      <symbol id="sm-59">
         <name>CALBC1_12MHZ</name>
         <value>0x10fb</value>
      </symbol>
      <symbol id="sm-5a">
         <name>CALDCO_8MHZ</name>
         <value>0x10fc</value>
      </symbol>
      <symbol id="sm-5b">
         <name>CALBC1_8MHZ</name>
         <value>0x10fd</value>
      </symbol>
      <symbol id="sm-5c">
         <name>CALDCO_1MHZ</name>
         <value>0x10fe</value>
      </symbol>
      <symbol id="sm-5d">
         <name>CALBC1_1MHZ</name>
         <value>0x10ff</value>
      </symbol>
      <symbol id="sm-5e">
         <name>TLV_CHECKSUM</name>
         <value>0x10c0</value>
      </symbol>
      <symbol id="sm-5f">
         <name>TLV_DCO_30_TAG</name>
         <value>0x10f6</value>
      </symbol>
      <symbol id="sm-60">
         <name>TLV_DCO_30_LEN</name>
         <value>0x10f7</value>
      </symbol>
      <symbol id="sm-61">
         <name>TLV_ADC10_1_TAG</name>
         <value>0x10da</value>
      </symbol>
      <symbol id="sm-62">
         <name>TLV_ADC10_1_LEN</name>
         <value>0x10db</value>
      </symbol>
      <symbol id="sm-63">
         <name>__TI_CINIT_Base</name>
         <value>0xc7d2</value>
      </symbol>
      <symbol id="sm-64">
         <name>__TI_CINIT_Limit</name>
         <value>0xc7da</value>
      </symbol>
      <symbol id="sm-65">
         <name>__TI_Handler_Table_Base</name>
         <value>0xc7c8</value>
      </symbol>
      <symbol id="sm-66">
         <name>__TI_Handler_Table_Limit</name>
         <value>0xc7ce</value>
      </symbol>
      <symbol id="sm-67">
         <name>binit</name>
         <value>0xffffffff</value>
      </symbol>
      <symbol id="sm-68">
         <name>__binit__</name>
         <value>0xffffffff</value>
      </symbol>
      <symbol id="sm-69">
         <name>__STACK_SIZE</name>
         <value>0x50</value>
      </symbol>
      <symbol id="sm-6a">
         <name>__STACK_END</name>
         <value>0x400</value>
      </symbol>
      <symbol id="sm-6b">
         <name>__c_args__</name>
         <value>0xffffffff</value>
      </symbol>
      <symbol id="sm-a9">
         <name>MCLK_freq</name>
         <value>0x204</value>
      </symbol>
      <symbol id="sm-aa">
         <name>SMCLK_freq</name>
         <value>0x208</value>
      </symbol>
      <symbol id="sm-ab">
         <name>ACLK_freq</name>
         <value>0x200</value>
      </symbol>
      <symbol id="sm-ac">
         <name>getTACCRfromFreq</name>
         <value>0xc614</value>
         <object_component_ref idref="oc-1ff"/>
      </symbol>
      <symbol id="sm-d3">
         <name>pulseCount</name>
         <value>0x210</value>
      </symbol>
      <symbol id="sm-d4">
         <name>tickCount</name>
         <value>0x214</value>
      </symbol>
      <symbol id="sm-d5">
         <name>windowCount</name>
         <value>0x218</value>
      </symbol>
      <symbol id="sm-d6">
         <name>cpm</name>
         <value>0x20c</value>
      </symbol>
      <symbol id="sm-d7">
         <name>interruptSetup</name>
         <value>0xc506</value>
         <object_component_ref idref="oc-170"/>
      </symbol>
      <symbol id="sm-d8">
         <name>clkSetup</name>
         <value>0xc000</value>
         <object_component_ref idref="oc-164"/>
      </symbol>
      <symbol id="sm-d9">
         <name>timerSetup</name>
         <value>0xc66e</value>
         <object_component_ref idref="oc-16a"/>
      </symbol>
      <symbol id="sm-da">
         <name>ioSetup</name>
         <value>0xc1c6</value>
         <object_component_ref idref="oc-15e"/>
      </symbol>
      <symbol id="sm-11e">
         <name>hvFrequency</name>
         <value>0x21c</value>
      </symbol>
      <symbol id="sm-11f">
         <name>COUNT</name>
         <value>0xc7be</value>
         <object_component_ref idref="oc-11c"/>
      </symbol>
      <symbol id="sm-120">
         <name>__TI_int08</name>
         <value>0xfff0</value>
         <object_component_ref idref="oc-40"/>
      </symbol>
      <symbol id="sm-121">
         <name>__TI_int02</name>
         <value>0xffe4</value>
         <object_component_ref idref="oc-3b"/>
      </symbol>
      <symbol id="sm-122">
         <name>__TI_int03</name>
         <value>0xffe6</value>
         <object_component_ref idref="oc-3c"/>
      </symbol>
      <symbol id="sm-123">
         <name>STOP_FREQUENCY</name>
         <value>0xc7ba</value>
         <object_component_ref idref="oc-11c"/>
      </symbol>
      <symbol id="sm-124">
         <name>__TI_int13</name>
         <value>0xfffa</value>
         <object_component_ref idref="oc-45"/>
      </symbol>
      <symbol id="sm-125">
         <name>PORT1_ISR</name>
         <value>0xc39c</value>
         <object_component_ref idref="oc-a7"/>
      </symbol>
      <symbol id="sm-126">
         <name>setCountFlag</name>
         <value>0x224</value>
         <object_component_ref idref="oc-127"/>
      </symbol>
      <symbol id="sm-127">
         <name>main</name>
         <value>0xc0a2</value>
         <object_component_ref idref="oc-eb"/>
      </symbol>
      <symbol id="sm-128">
         <name>setHvFlag</name>
         <value>0x222</value>
         <object_component_ref idref="oc-127"/>
      </symbol>
      <symbol id="sm-129">
         <name>START_FREQUENCY</name>
         <value>0xc7b8</value>
         <object_component_ref idref="oc-11c"/>
      </symbol>
      <symbol id="sm-12a">
         <name>STEP_FREQUENCY</name>
         <value>0xc7bc</value>
         <object_component_ref idref="oc-11c"/>
      </symbol>
      <symbol id="sm-12b">
         <name>PORT2_ISR</name>
         <value>0xc3f0</value>
         <object_component_ref idref="oc-ad"/>
      </symbol>
      <symbol id="sm-12c">
         <name>TA1CCR0_ISR</name>
         <value>0xc4ca</value>
         <object_component_ref idref="oc-be"/>
      </symbol>
      <symbol id="sm-12d">
         <name>T0A1_ISR</name>
         <value>0xc53e</value>
         <object_component_ref idref="oc-b8"/>
      </symbol>
      <symbol id="sm-180">
         <name>i</name>
         <value>0x21e</value>
      </symbol>
      <symbol id="sm-181">
         <name>j</name>
         <value>0x220</value>
      </symbol>
      <symbol id="sm-182">
         <name>send_command</name>
         <value>0xc43a</value>
         <object_component_ref idref="oc-1ee"/>
      </symbol>
      <symbol id="sm-183">
         <name>data_write</name>
         <value>0xc6cc</value>
         <object_component_ref idref="oc-21f"/>
      </symbol>
      <symbol id="sm-184">
         <name>lcd_gotoRow</name>
         <value>0xc688</value>
         <object_component_ref idref="oc-183"/>
      </symbol>
      <symbol id="sm-185">
         <name>lcd_clear</name>
         <value>0xc636</value>
         <object_component_ref idref="oc-18f"/>
      </symbol>
      <symbol id="sm-186">
         <name>send_data</name>
         <value>0xc482</value>
         <object_component_ref idref="oc-1f5"/>
      </symbol>
      <symbol id="sm-187">
         <name>lcd_print</name>
         <value>0xc718</value>
         <object_component_ref idref="oc-17d"/>
      </symbol>
      <symbol id="sm-188">
         <name>lcd_init</name>
         <value>0xc5c8</value>
         <object_component_ref idref="oc-176"/>
      </symbol>
      <symbol id="sm-189">
         <name>lcd_print_number</name>
         <value>0xc144</value>
         <object_component_ref idref="oc-195"/>
      </symbol>
      <symbol id="sm-18a">
         <name>lcd_delay</name>
         <value>0xc56e</value>
         <object_component_ref idref="oc-1e8"/>
      </symbol>
      <symbol id="sm-1b3">
         <name>soundOff</name>
         <value>0xc75e</value>
         <object_component_ref idref="oc-13a"/>
      </symbol>
      <symbol id="sm-1b4">
         <name>setHVFrequency</name>
         <value>0xc6b6</value>
         <object_component_ref idref="oc-189"/>
      </symbol>
      <symbol id="sm-1b5">
         <name>soundTick</name>
         <value>0xc76c</value>
         <object_component_ref idref="oc-131"/>
      </symbol>
      <symbol id="sm-1b6">
         <name>initGM</name>
         <value>0xc706</value>
         <object_component_ref idref="oc-1d4"/>
      </symbol>
      <symbol id="sm-1b7">
         <name>soundOn</name>
         <value>0xc73c</value>
         <object_component_ref idref="oc-1ab"/>
      </symbol>
      <symbol id="sm-1bf">
         <name>__mspabi_srai</name>
         <value>0xc59c</value>
         <object_component_ref idref="oc-21a"/>
      </symbol>
      <symbol id="sm-1c0">
         <name>__mspabi_srai_8</name>
         <value>0xc5b6</value>
         <object_component_ref idref="oc-21a"/>
      </symbol>
      <symbol id="sm-1c1">
         <name>__mspabi_srai_9</name>
         <value>0xc5b4</value>
         <object_component_ref idref="oc-21a"/>
      </symbol>
      <symbol id="sm-1c2">
         <name>__mspabi_srai_6</name>
         <value>0xc5ba</value>
         <object_component_ref idref="oc-21a"/>
      </symbol>
      <symbol id="sm-1c3">
         <name>__mspabi_srai_7</name>
         <value>0xc5b8</value>
         <object_component_ref idref="oc-21a"/>
      </symbol>
      <symbol id="sm-1c4">
         <name>__mspabi_srai_4</name>
         <value>0xc5be</value>
         <object_component_ref idref="oc-21a"/>
      </symbol>
      <symbol id="sm-1c5">
         <name>__mspabi_srai_5</name>
         <value>0xc5bc</value>
         <object_component_ref idref="oc-21a"/>
      </symbol>
      <symbol id="sm-1c6">
         <name>__mspabi_srai_2</name>
         <value>0xc5c2</value>
         <object_component_ref idref="oc-21a"/>
      </symbol>
      <symbol id="sm-1c7">
         <name>__mspabi_srai_3</name>
         <value>0xc5c0</value>
         <object_component_ref idref="oc-21a"/>
      </symbol>
      <symbol id="sm-1c8">
         <name>__mspabi_srai_1</name>
         <value>0xc5c4</value>
         <object_component_ref idref="oc-21a"/>
      </symbol>
      <symbol id="sm-1c9">
         <name>__mspabi_srai_15</name>
         <value>0xc5a8</value>
         <object_component_ref idref="oc-21a"/>
      </symbol>
      <symbol id="sm-1ca">
         <name>__mspabi_srai_14</name>
         <value>0xc5aa</value>
         <object_component_ref idref="oc-21a"/>
      </symbol>
      <symbol id="sm-1cb">
         <name>__mspabi_srai_13</name>
         <value>0xc5ac</value>
         <object_component_ref idref="oc-21a"/>
      </symbol>
      <symbol id="sm-1cc">
         <name>__mspabi_srai_12</name>
         <value>0xc5ae</value>
         <object_component_ref idref="oc-21a"/>
      </symbol>
      <symbol id="sm-1cd">
         <name>__mspabi_srai_11</name>
         <value>0xc5b0</value>
         <object_component_ref idref="oc-21a"/>
      </symbol>
      <symbol id="sm-1ce">
         <name>__mspabi_srai_10</name>
         <value>0xc5b2</value>
         <object_component_ref idref="oc-21a"/>
      </symbol>
      <symbol id="sm-1d7">
         <name>_stack</name>
         <value>0x3b0</value>
         <object_component_ref idref="oc-89"/>
      </symbol>
      <symbol id="sm-1d8">
         <name>_reset_vector</name>
         <value>0xfffe</value>
         <object_component_ref idref="oc-8c"/>
      </symbol>
      <symbol id="sm-1e3">
         <name>_c_int00_noargs_noexit</name>
         <value>0xc654</value>
         <object_component_ref idref="oc-65"/>
      </symbol>
      <symbol id="sm-1f9">
         <name>__TI_decompress_none</name>
         <value>0xc6f4</value>
         <object_component_ref idref="oc-2f"/>
      </symbol>
      <symbol id="sm-21b">
         <name>__TI_decompress_rle24</name>
         <value>0xc780</value>
         <object_component_ref idref="oc-35"/>
      </symbol>
      <symbol id="sm-233">
         <name>__TI_zero_init</name>
         <value>0xc6e0</value>
         <object_component_ref idref="oc-47"/>
      </symbol>
      <symbol id="sm-23d">
         <name>__mspabi_remu</name>
         <value>0xc6a0</value>
         <object_component_ref idref="oc-122"/>
      </symbol>
      <symbol id="sm-23e">
         <name>__mspabi_divu</name>
         <value>0xc6a0</value>
         <object_component_ref idref="oc-122"/>
      </symbol>
      <symbol id="sm-24d">
         <name>__mspabi_remul</name>
         <value>0xc344</value>
         <object_component_ref idref="oc-207"/>
      </symbol>
      <symbol id="sm-24e">
         <name>__mspabi_divul</name>
         <value>0xc344</value>
         <object_component_ref idref="oc-207"/>
      </symbol>
      <symbol id="sm-257">
         <name>__mspabi_func_epilog_2</name>
         <value>0xc758</value>
         <object_component_ref idref="oc-114"/>
      </symbol>
      <symbol id="sm-258">
         <name>__mspabi_func_epilog_3</name>
         <value>0xc756</value>
         <object_component_ref idref="oc-114"/>
      </symbol>
      <symbol id="sm-259">
         <name>__mspabi_func_epilog_1</name>
         <value>0xc75a</value>
         <object_component_ref idref="oc-114"/>
      </symbol>
      <symbol id="sm-25a">
         <name>__mspabi_func_epilog_6</name>
         <value>0xc750</value>
         <object_component_ref idref="oc-114"/>
      </symbol>
      <symbol id="sm-25b">
         <name>__mspabi_func_epilog_7</name>
         <value>0xc74e</value>
         <object_component_ref idref="oc-114"/>
      </symbol>
      <symbol id="sm-25c">
         <name>__mspabi_func_epilog_4</name>
         <value>0xc754</value>
         <object_component_ref idref="oc-114"/>
      </symbol>
      <symbol id="sm-25d">
         <name>__mspabi_func_epilog_5</name>
         <value>0xc752</value>
         <object_component_ref idref="oc-114"/>
      </symbol>
      <symbol id="sm-268">
         <name>C$$EXIT</name>
         <value>0xc78a</value>
         <object_component_ref idref="oc-f3"/>
      </symbol>
      <symbol id="sm-269">
         <name>abort</name>
         <value>0xc78a</value>
         <object_component_ref idref="oc-f3"/>
      </symbol>
      <symbol id="sm-26d">
         <name>__TI_int05</name>
         <value>0xffea</value>
         <object_component_ref idref="oc-3d"/>
      </symbol>
      <symbol id="sm-270">
         <name>__TI_int06</name>
         <value>0xffec</value>
         <object_component_ref idref="oc-3e"/>
      </symbol>
      <symbol id="sm-273">
         <name>__TI_int07</name>
         <value>0xffee</value>
         <object_component_ref idref="oc-3f"/>
      </symbol>
      <symbol id="sm-276">
         <name>__TI_int09</name>
         <value>0xfff2</value>
         <object_component_ref idref="oc-41"/>
      </symbol>
      <symbol id="sm-279">
         <name>__TI_int10</name>
         <value>0xfff4</value>
         <object_component_ref idref="oc-42"/>
      </symbol>
      <symbol id="sm-27c">
         <name>__TI_int11</name>
         <value>0xfff6</value>
         <object_component_ref idref="oc-43"/>
      </symbol>
      <symbol id="sm-27f">
         <name>__TI_int12</name>
         <value>0xfff8</value>
         <object_component_ref idref="oc-44"/>
      </symbol>
      <symbol id="sm-282">
         <name>__TI_int14</name>
         <value>0xfffc</value>
         <object_component_ref idref="oc-46"/>
      </symbol>
      <symbol id="sm-28a">
         <name>__TI_ISR_TRAP</name>
         <value>0xc77a</value>
         <object_component_ref idref="oc-b3"/>
      </symbol>
      <symbol id="sm-292">
         <name>__mspabi_srll_8</name>
         <value>0xc2ba</value>
         <object_component_ref idref="oc-1de"/>
      </symbol>
      <symbol id="sm-293">
         <name>__mspabi_srll_9</name>
         <value>0xc2b4</value>
         <object_component_ref idref="oc-1de"/>
      </symbol>
      <symbol id="sm-294">
         <name>__mspabi_srll_6</name>
         <value>0xc2c6</value>
         <object_component_ref idref="oc-1de"/>
      </symbol>
      <symbol id="sm-295">
         <name>__mspabi_srll_7</name>
         <value>0xc2c0</value>
         <object_component_ref idref="oc-1de"/>
      </symbol>
      <symbol id="sm-296">
         <name>__mspabi_srll_4</name>
         <value>0xc2d2</value>
         <object_component_ref idref="oc-1de"/>
      </symbol>
      <symbol id="sm-297">
         <name>__mspabi_srll_5</name>
         <value>0xc2cc</value>
         <object_component_ref idref="oc-1de"/>
      </symbol>
      <symbol id="sm-298">
         <name>__mspabi_srll_2</name>
         <value>0xc2de</value>
         <object_component_ref idref="oc-1de"/>
      </symbol>
      <symbol id="sm-299">
         <name>__mspabi_srll_3</name>
         <value>0xc2d8</value>
         <object_component_ref idref="oc-1de"/>
      </symbol>
      <symbol id="sm-29a">
         <name>__mspabi_srll_1</name>
         <value>0xc2e4</value>
         <object_component_ref idref="oc-1de"/>
      </symbol>
      <symbol id="sm-29b">
         <name>__mspabi_srll_15</name>
         <value>0xc290</value>
         <object_component_ref idref="oc-1de"/>
      </symbol>
      <symbol id="sm-29c">
         <name>__mspabi_srll_14</name>
         <value>0xc296</value>
         <object_component_ref idref="oc-1de"/>
      </symbol>
      <symbol id="sm-29d">
         <name>__mspabi_srll_13</name>
         <value>0xc29c</value>
         <object_component_ref idref="oc-1de"/>
      </symbol>
      <symbol id="sm-29e">
         <name>__mspabi_srll_12</name>
         <value>0xc2a2</value>
         <object_component_ref idref="oc-1de"/>
      </symbol>
      <symbol id="sm-29f">
         <name>__mspabi_srll_11</name>
         <value>0xc2a8</value>
         <object_component_ref idref="oc-1de"/>
      </symbol>
      <symbol id="sm-2a0">
         <name>__mspabi_srll_10</name>
         <value>0xc2ae</value>
         <object_component_ref idref="oc-1de"/>
      </symbol>
      <symbol id="sm-2ae">
         <name>memcpy</name>
         <value>0xc72a</value>
         <object_component_ref idref="oc-8d"/>
      </symbol>
      <symbol id="sm-2b9">
         <name>__mspabi_mpyl_sw</name>
         <value>0xc5ee</value>
         <object_component_ref idref="oc-141"/>
      </symbol>
      <symbol id="sm-2ba">
         <name>__mspabi_mpyl</name>
         <value>0xc5ee</value>
         <object_component_ref idref="oc-141"/>
      </symbol>
      <symbol id="sm-2c3">
         <name>_system_pre_init</name>
         <value>0xc786</value>
         <object_component_ref idref="oc-cb"/>
      </symbol>
      <symbol id="sm-2dd">
         <name>_auto_init</name>
         <value>0xc2ec</value>
         <object_component_ref idref="oc-d1"/>
      </symbol>
      <symbol id="sm-2df">
         <name>__TI_INITARRAY_Base</name>
         <value>0x0</value>
      </symbol>
      <symbol id="sm-2e0">
         <name>__TI_INITARRAY_Limit</name>
         <value>0x0</value>
      </symbol>
   </symbol_table>
   <title>Link successful</title>
</link_info>
