******************************************************************************
                  MSP430 Linker PC v4.4.5                      
******************************************************************************
>> Linked Fri May 06 09:12:22 2016

OUTPUT FILE NAME:   <FrequencySetup.out>
ENTRY POINT SYMBOL: "_c_int00_noargs_noexit"  address: 0000c7b4


MEMORY CONFIGURATION

         name            origin    length      used     unused   attr    fill
----------------------  --------  ---------  --------  --------  ----  --------
  SFR                   00000000   00000010  00000000  00000010  RWIX
  PERIPHERALS_8BIT      00000010   000000f0  00000000  000000f0  RWIX
  PERIPHERALS_16BIT     00000100   00000100  00000000  00000100  RWIX
  RAM                   00000200   00000200  0000008e  00000172  RWIX
  INFOD                 00001000   00000040  00000000  00000040  RWIX
  INFOC                 00001040   00000040  00000000  00000040  RWIX
  INFOB                 00001080   00000040  00000000  00000040  RWIX
  INFOA                 000010c0   00000040  00000000  00000040  RWIX
  FLASH                 0000c000   00003fe0  00000962  0000367e  RWIX
  INT00                 0000ffe0   00000002  00000000  00000002  RWIX
  INT01                 0000ffe2   00000002  00000000  00000002  RWIX
  INT02                 0000ffe4   00000002  00000002  00000000  RWIX
  INT03                 0000ffe6   00000002  00000002  00000000  RWIX
  INT04                 0000ffe8   00000002  00000000  00000002  RWIX
  INT05                 0000ffea   00000002  00000002  00000000  RWIX
  INT06                 0000ffec   00000002  00000002  00000000  RWIX
  INT07                 0000ffee   00000002  00000002  00000000  RWIX
  INT08                 0000fff0   00000002  00000002  00000000  RWIX
  INT09                 0000fff2   00000002  00000002  00000000  RWIX
  INT10                 0000fff4   00000002  00000002  00000000  RWIX
  INT11                 0000fff6   00000002  00000002  00000000  RWIX
  INT12                 0000fff8   00000002  00000002  00000000  RWIX
  INT13                 0000fffa   00000002  00000002  00000000  RWIX
  INT14                 0000fffc   00000002  00000002  00000000  RWIX
  RESET                 0000fffe   00000002  00000002  00000000  RWIX


SECTION ALLOCATION MAP

 output                                  attributes/
section   page    origin      length       input sections
--------  ----  ----------  ----------   ----------------
.bss       0    00000200    0000003a     UNINITIALIZED
                  00000200    00000018     (.common:cps)
                  00000218    00000004     (.common:ACLK_freq)
                  0000021c    00000004     (.common:MCLK_freq)
                  00000220    00000004     (.common:SMCLK_freq)
                  00000224    00000004     (.common:cpm)
                  00000228    00000004     (.common:pulseCount)
                  0000022c    00000004     (.common:tickCount)
                  00000230    00000002     (.common:hvFrequency)
                  00000232    00000002     (.common:i)
                  00000234    00000002     (.common:j)
                  00000236    00000002     (.common:windowCount)
                  00000238    00000001     (.common:backlightEnabled)
                  00000239    00000001     (.common:backlightSeconds)

.data      0    0000023a    00000004     UNINITIALIZED
                  0000023a    00000004     main.obj (.data)

.stack     0    000003b0    00000050     UNINITIALIZED
                  000003b0    00000002     rts430_eabi.lib : boot.obj (.stack)
                  000003b2    0000004e     --HOLE--

.text      0    0000c000    0000090e     
                  0000c000    000000a4     main.obj (.text:main)
                  0000c0a4    000000a2     setup.obj (.text:clkSetup)
                  0000c146    00000082     lcd.obj (.text:lcd_print_number)
                  0000c1c8    00000080     setup.obj (.text:ioSetup)
                  0000c248    00000064     rts430_eabi.lib : copy_decompress_rle.obj (.text:__TI_decompress_rle_core)
                  0000c2ac    00000060     main.obj (.text:TA1CCR0_ISR)
                  0000c30c    0000005c     rts430_eabi.lib : lsr32.obj (.text:l_lsr_const)
                  0000c368    00000058                     : autoinit.obj (.text:_auto_init)
                  0000c3c0    00000058                     : div32u.obj (.text)
                  0000c418    0000004e     main.obj (.text:PORT2_ISR)
                  0000c466    0000004e     setup.obj (.text:interruptSetup)
                  0000c4b4    0000004c     rts430_eabi.lib : lsr16.obj (.text)
                  0000c500    00000048     lcd.obj (.text:send_command)
                  0000c548    00000048     lcd.obj (.text:send_data)
                  0000c590    00000046     main.obj (.text:PORT1_ISR)
                  0000c5d6    00000046     gmCore.obj (.text:resetCounters)
                  0000c61c    00000040     main.obj (.text:T0A1_ISR)
                  0000c65c    00000034     main.obj (.text:ADC10_ISR)
                  0000c690    0000002e     lcd.obj (.text:lcd_delay)
                  0000c6be    0000002c     rts430_eabi.lib : asr16.obj (.text)
                  0000c6ea    00000026     lcd.obj (.text:lcd_init)
                  0000c710    00000026     rts430_eabi.lib : mult32.obj (.text)
                  0000c736    00000022     timing.obj (.text:getTACCRfromFreq)
                  0000c758    00000022     gmCore.obj (.text:initGM)
                  0000c77a    0000001e     lcd.obj (.text:lcd_clear)
                  0000c798    0000001c     setup.obj (.text:adcSetup)
                  0000c7b4    0000001a     rts430_eabi.lib : boot_special.obj (.text:_c_int00_noargs_noexit)
                  0000c7ce    0000001a     setup.obj (.text:timerSetup)
                  0000c7e8    00000018     lcd.obj (.text:lcd_gotoRow)
                  0000c800    00000016     adc.obj (.text:frequencyFromAdc)
                  0000c816    00000016     gmCore.obj (.text:setHVFrequency)
                  0000c82c    00000014     lcd.obj (.text:data_write)
                  0000c840    00000014     rts430_eabi.lib : copy_zero_init.obj (.text:decompress:ZI:__TI_zero_init)
                  0000c854    00000014                     : mult16.obj (.text)
                  0000c868    00000012                     : copy_decompress_none.obj (.text:decompress:none:__TI_decompress_none)
                  0000c87a    00000012     gmCore.obj (.text:lcdLedOn)
                  0000c88c    00000012     lcd.obj (.text:lcd_print)
                  0000c89e    00000012     rts430_eabi.lib : memcpy.obj (.text:memcpy)
                  0000c8b0    00000012     gmCore.obj (.text:soundOn)
                  0000c8c2    00000010     rts430_eabi.lib : epilog.obj (.text)
                  0000c8d2    0000000e     gmCore.obj (.text:soundOff)
                  0000c8e0    0000000e     gmCore.obj (.text:soundTick)
                  0000c8ee    00000006     rts430_eabi.lib : isr_trap.obj (.text:_isr:__TI_ISR_TRAP)
                  0000c8f4    00000006     gmCore.obj (.text:cntLedOff)
                  0000c8fa    00000006     gmCore.obj (.text:cntLedOn)
                  0000c900    00000006     rts430_eabi.lib : copy_decompress_rle.obj (.text:decompress:rle24:__TI_decompress_rle24)
                  0000c906    00000004                     : pre_init.obj (.text:_system_pre_init)
                  0000c90a    00000004                     : exit.obj (.text:abort)

.const     0    0000c90e    0000003a     
                  0000c90e    0000003a     main.obj (.const:.string)

.cinit     0    0000c948    0000001a     
                  0000c948    00000008     (.cinit..data.load) [load image]
                  0000c950    00000006     (__TI_handler_table)
                  0000c956    00000004     (.cinit..bss.load) [load image, compression = zero_init]
                  0000c95a    00000008     (__TI_cinit_table)

.init_array 
*          0    0000c000    00000000     UNINITIALIZED

.TI.noinit 
*          0    00000200    00000000     UNINITIALIZED

.TI.persistent 
*          0    0000023a    00000000     UNINITIALIZED

PORT1      0    0000ffe4    00000002     
                  0000ffe4    00000002     main.obj (.int02)

PORT2      0    0000ffe6    00000002     
                  0000ffe6    00000002     main.obj (.int03)

ADC10      0    0000ffea    00000002     
                  0000ffea    00000002     main.obj (.int05)

USCIAB0TX 
*          0    0000ffec    00000002     
                  0000ffec    00000002     rts430_eabi.lib : int06.obj (.int06)

USCIAB0RX 
*          0    0000ffee    00000002     
                  0000ffee    00000002     rts430_eabi.lib : int07.obj (.int07)

TIMER0_A1 
*          0    0000fff0    00000002     
                  0000fff0    00000002     main.obj (.int08)

TIMER0_A0 
*          0    0000fff2    00000002     
                  0000fff2    00000002     rts430_eabi.lib : int09.obj (.int09)

WDT        0    0000fff4    00000002     
                  0000fff4    00000002     rts430_eabi.lib : int10.obj (.int10)

COMPARATORA 
*          0    0000fff6    00000002     
                  0000fff6    00000002     rts430_eabi.lib : int11.obj (.int11)

TIMER1_A1 
*          0    0000fff8    00000002     
                  0000fff8    00000002     rts430_eabi.lib : int12.obj (.int12)

TIMER1_A0 
*          0    0000fffa    00000002     
                  0000fffa    00000002     main.obj (.int13)

NMI        0    0000fffc    00000002     
                  0000fffc    00000002     rts430_eabi.lib : int14.obj (.int14)

.reset     0    0000fffe    00000002     
                  0000fffe    00000002     rts430_eabi.lib : boot.obj (.reset)


LINKER GENERATED COPY TABLES

__TI_cinit_table @ 0000c95a records: 2, size/record: 4, table size: 8
	.data: load addr=0000c948, load size=00000008 bytes, run addr=0000023a, run size=00000004 bytes, compression=copy
	.bss: load addr=0000c956, load size=00000004 bytes, run addr=00000200, run size=0000003a bytes, compression=zero_init


LINKER GENERATED HANDLER TABLE

__TI_handler_table @ 0000c950 records: 3, size/record: 2, table size: 6
	index: 0, handler: __TI_zero_init
	index: 1, handler: __TI_decompress_rle24
	index: 2, handler: __TI_decompress_none


GLOBAL SYMBOLS: SORTED ALPHABETICALLY BY Name 

address   name                    
-------   ----                    
00000218  ACLK_freq               
0000004a  ADC10AE0                
000001b0  ADC10CTL0               
000001b2  ADC10CTL1               
00000048  ADC10DTC0               
00000049  ADC10DTC1               
000001b4  ADC10MEM                
000001bc  ADC10SA                 
0000c65c  ADC10_ISR               
00000057  BCSCTL1                 
00000058  BCSCTL2                 
00000053  BCSCTL3                 
0000c90a  C$$EXIT                 
00000059  CACTL1                  
0000005a  CACTL2                  
000010fb  CALBC1_12MHZ            
000010f9  CALBC1_16MHZ            
000010ff  CALBC1_1MHZ             
000010fd  CALBC1_8MHZ             
000010fa  CALDCO_12MHZ            
000010f8  CALDCO_16MHZ            
000010fe  CALDCO_1MHZ             
000010fc  CALDCO_8MHZ             
0000005b  CAPD                    
00000056  DCOCTL                  
00000128  FCTL1                   
0000012a  FCTL2                   
0000012c  FCTL3                   
00000000  IE1                     
00000001  IE2                     
00000002  IFG1                    
00000003  IFG2                    
0000021c  MCLK_freq               
00000022  P1DIR                   
00000025  P1IE                    
00000024  P1IES                   
00000023  P1IFG                   
00000020  P1IN                    
00000021  P1OUT                   
00000027  P1REN                   
00000026  P1SEL                   
00000041  P1SEL2                  
0000002a  P2DIR                   
0000002d  P2IE                    
0000002c  P2IES                   
0000002b  P2IFG                   
00000028  P2IN                    
00000029  P2OUT                   
0000002f  P2REN                   
0000002e  P2SEL                   
00000042  P2SEL2                  
0000001a  P3DIR                   
00000018  P3IN                    
00000019  P3OUT                   
00000010  P3REN                   
0000001b  P3SEL                   
00000043  P3SEL2                  
0000c590  PORT1_ISR               
0000c418  PORT2_ISR               
00000220  SMCLK_freq              
0000c61c  T0A1_ISR                
00000172  TA0CCR0                 
00000174  TA0CCR1                 
00000176  TA0CCR2                 
00000162  TA0CCTL0                
00000164  TA0CCTL1                
00000166  TA0CCTL2                
00000160  TA0CTL                  
0000012e  TA0IV                   
00000170  TA0R                    
00000192  TA1CCR0                 
0000c2ac  TA1CCR0_ISR             
00000194  TA1CCR1                 
00000196  TA1CCR2                 
00000182  TA1CCTL0                
00000184  TA1CCTL1                
00000186  TA1CCTL2                
00000180  TA1CTL                  
0000011e  TA1IV                   
00000190  TA1R                    
000010db  TLV_ADC10_1_LEN         
000010da  TLV_ADC10_1_TAG         
000010c0  TLV_CHECKSUM            
000010f7  TLV_DCO_30_LEN          
000010f6  TLV_DCO_30_TAG          
0000005d  UCA0ABCTL               
00000062  UCA0BR0                 
00000063  UCA0BR1                 
00000060  UCA0CTL0                
00000061  UCA0CTL1                
0000005f  UCA0IRRCTL              
0000005e  UCA0IRTCTL              
00000064  UCA0MCTL                
00000066  UCA0RXBUF               
00000065  UCA0STAT                
00000067  UCA0TXBUF               
0000006a  UCB0BR0                 
0000006b  UCB0BR1                 
00000068  UCB0CTL0                
00000069  UCB0CTL1                
0000006c  UCB0I2CIE               
00000118  UCB0I2COA               
0000011a  UCB0I2CSA               
0000006e  UCB0RXBUF               
0000006d  UCB0STAT                
0000006f  UCB0TXBUF               
00000120  WDTCTL                  
00000400  __STACK_END             
00000050  __STACK_SIZE            
0000c95a  __TI_CINIT_Base         
0000c962  __TI_CINIT_Limit        
0000c950  __TI_Handler_Table_Base 
0000c956  __TI_Handler_Table_Limit
UNDEFED   __TI_INITARRAY_Base     
UNDEFED   __TI_INITARRAY_Limit    
0000c8ee  __TI_ISR_TRAP           
0000c868  __TI_decompress_none    
0000c900  __TI_decompress_rle24   
0000ffe4  __TI_int02              
0000ffe6  __TI_int03              
0000ffea  __TI_int05              
0000ffec  __TI_int06              
0000ffee  __TI_int07              
0000fff0  __TI_int08              
0000fff2  __TI_int09              
0000fff4  __TI_int10              
0000fff6  __TI_int11              
0000fff8  __TI_int12              
0000fffa  __TI_int13              
0000fffc  __TI_int14              
0000c840  __TI_zero_init          
ffffffff  __binit__               
ffffffff  __c_args__              
0000c3c0  __mspabi_divul          
0000c8ce  __mspabi_func_epilog_1  
0000c8cc  __mspabi_func_epilog_2  
0000c8ca  __mspabi_func_epilog_3  
0000c8c8  __mspabi_func_epilog_4  
0000c8c6  __mspabi_func_epilog_5  
0000c8c4  __mspabi_func_epilog_6  
0000c8c2  __mspabi_func_epilog_7  
0000c854  __mspabi_mpyi           
0000c854  __mspabi_mpyi_sw        
0000c710  __mspabi_mpyl           
0000c710  __mspabi_mpyl_sw        
0000c3c0  __mspabi_remul          
0000c6be  __mspabi_srai           
0000c6e6  __mspabi_srai_1         
0000c6d4  __mspabi_srai_10        
0000c6d2  __mspabi_srai_11        
0000c6d0  __mspabi_srai_12        
0000c6ce  __mspabi_srai_13        
0000c6cc  __mspabi_srai_14        
0000c6ca  __mspabi_srai_15        
0000c6e4  __mspabi_srai_2         
0000c6e2  __mspabi_srai_3         
0000c6e0  __mspabi_srai_4         
0000c6de  __mspabi_srai_5         
0000c6dc  __mspabi_srai_6         
0000c6da  __mspabi_srai_7         
0000c6d8  __mspabi_srai_8         
0000c6d6  __mspabi_srai_9         
0000c4b4  __mspabi_srli           
0000c4fa  __mspabi_srli_1         
0000c4d6  __mspabi_srli_10        
0000c4d2  __mspabi_srli_11        
0000c4ce  __mspabi_srli_12        
0000c4ca  __mspabi_srli_13        
0000c4c6  __mspabi_srli_14        
0000c4c2  __mspabi_srli_15        
0000c4f6  __mspabi_srli_2         
0000c4f2  __mspabi_srli_3         
0000c4ee  __mspabi_srli_4         
0000c4ea  __mspabi_srli_5         
0000c4e6  __mspabi_srli_6         
0000c4e2  __mspabi_srli_7         
0000c4de  __mspabi_srli_8         
0000c4da  __mspabi_srli_9         
0000c360  __mspabi_srll_1         
0000c32a  __mspabi_srll_10        
0000c324  __mspabi_srll_11        
0000c31e  __mspabi_srll_12        
0000c318  __mspabi_srll_13        
0000c312  __mspabi_srll_14        
0000c30c  __mspabi_srll_15        
0000c35a  __mspabi_srll_2         
0000c354  __mspabi_srll_3         
0000c34e  __mspabi_srll_4         
0000c348  __mspabi_srll_5         
0000c342  __mspabi_srll_6         
0000c33c  __mspabi_srll_7         
0000c336  __mspabi_srll_8         
0000c330  __mspabi_srll_9         
0000c368  _auto_init              
0000c7b4  _c_int00_noargs_noexit  
0000fffe  _reset_vector           
000003b0  _stack                  
0000c906  _system_pre_init        
0000c90a  abort                   
0000c798  adcSetup                
00000238  backlightEnabled        
00000239  backlightSeconds        
ffffffff  binit                   
0000c0a4  clkSetup                
0000c8f4  cntLedOff               
0000c8fa  cntLedOn                
00000224  cpm                     
00000200  cps                     
0000c82c  data_write              
0000c800  frequencyFromAdc        
0000c736  getTACCRfromFreq        
00000230  hvFrequency             
00000232  i                       
0000c758  initGM                  
0000c466  interruptSetup          
0000c1c8  ioSetup                 
00000234  j                       
0000c87a  lcdLedOn                
0000c77a  lcd_clear               
0000c690  lcd_delay               
0000c7e8  lcd_gotoRow             
0000c6ea  lcd_init                
0000c88c  lcd_print               
0000c146  lcd_print_number        
0000c8fa  ledTick                 
0000c000  main                    
0000c89e  memcpy                  
00000228  pulseCount              
0000c5d6  resetCounters           
0000c500  send_command            
0000c548  send_data               
0000023c  setCountFlag            
0000c816  setHVFrequency          
0000023a  setHvFlag               
0000c8d2  soundOff                
0000c8b0  soundOn                 
0000c8e0  soundTick               
0000022c  tickCount               
0000c7ce  timerSetup              
00000236  windowCount             


GLOBAL SYMBOLS: SORTED BY Symbol Address 

address   name                    
-------   ----                    
00000000  IE1                     
00000001  IE2                     
00000002  IFG1                    
00000003  IFG2                    
00000010  P3REN                   
00000018  P3IN                    
00000019  P3OUT                   
0000001a  P3DIR                   
0000001b  P3SEL                   
00000020  P1IN                    
00000021  P1OUT                   
00000022  P1DIR                   
00000023  P1IFG                   
00000024  P1IES                   
00000025  P1IE                    
00000026  P1SEL                   
00000027  P1REN                   
00000028  P2IN                    
00000029  P2OUT                   
0000002a  P2DIR                   
0000002b  P2IFG                   
0000002c  P2IES                   
0000002d  P2IE                    
0000002e  P2SEL                   
0000002f  P2REN                   
00000041  P1SEL2                  
00000042  P2SEL2                  
00000043  P3SEL2                  
00000048  ADC10DTC0               
00000049  ADC10DTC1               
0000004a  ADC10AE0                
00000050  __STACK_SIZE            
00000053  BCSCTL3                 
00000056  DCOCTL                  
00000057  BCSCTL1                 
00000058  BCSCTL2                 
00000059  CACTL1                  
0000005a  CACTL2                  
0000005b  CAPD                    
0000005d  UCA0ABCTL               
0000005e  UCA0IRTCTL              
0000005f  UCA0IRRCTL              
00000060  UCA0CTL0                
00000061  UCA0CTL1                
00000062  UCA0BR0                 
00000063  UCA0BR1                 
00000064  UCA0MCTL                
00000065  UCA0STAT                
00000066  UCA0RXBUF               
00000067  UCA0TXBUF               
00000068  UCB0CTL0                
00000069  UCB0CTL1                
0000006a  UCB0BR0                 
0000006b  UCB0BR1                 
0000006c  UCB0I2CIE               
0000006d  UCB0STAT                
0000006e  UCB0RXBUF               
0000006f  UCB0TXBUF               
00000118  UCB0I2COA               
0000011a  UCB0I2CSA               
0000011e  TA1IV                   
00000120  WDTCTL                  
00000128  FCTL1                   
0000012a  FCTL2                   
0000012c  FCTL3                   
0000012e  TA0IV                   
00000160  TA0CTL                  
00000162  TA0CCTL0                
00000164  TA0CCTL1                
00000166  TA0CCTL2                
00000170  TA0R                    
00000172  TA0CCR0                 
00000174  TA0CCR1                 
00000176  TA0CCR2                 
00000180  TA1CTL                  
00000182  TA1CCTL0                
00000184  TA1CCTL1                
00000186  TA1CCTL2                
00000190  TA1R                    
00000192  TA1CCR0                 
00000194  TA1CCR1                 
00000196  TA1CCR2                 
000001b0  ADC10CTL0               
000001b2  ADC10CTL1               
000001b4  ADC10MEM                
000001bc  ADC10SA                 
00000200  cps                     
00000218  ACLK_freq               
0000021c  MCLK_freq               
00000220  SMCLK_freq              
00000224  cpm                     
00000228  pulseCount              
0000022c  tickCount               
00000230  hvFrequency             
00000232  i                       
00000234  j                       
00000236  windowCount             
00000238  backlightEnabled        
00000239  backlightSeconds        
0000023a  setHvFlag               
0000023c  setCountFlag            
000003b0  _stack                  
00000400  __STACK_END             
000010c0  TLV_CHECKSUM            
000010da  TLV_ADC10_1_TAG         
000010db  TLV_ADC10_1_LEN         
000010f6  TLV_DCO_30_TAG          
000010f7  TLV_DCO_30_LEN          
000010f8  CALDCO_16MHZ            
000010f9  CALBC1_16MHZ            
000010fa  CALDCO_12MHZ            
000010fb  CALBC1_12MHZ            
000010fc  CALDCO_8MHZ             
000010fd  CALBC1_8MHZ             
000010fe  CALDCO_1MHZ             
000010ff  CALBC1_1MHZ             
0000c000  main                    
0000c0a4  clkSetup                
0000c146  lcd_print_number        
0000c1c8  ioSetup                 
0000c2ac  TA1CCR0_ISR             
0000c30c  __mspabi_srll_15        
0000c312  __mspabi_srll_14        
0000c318  __mspabi_srll_13        
0000c31e  __mspabi_srll_12        
0000c324  __mspabi_srll_11        
0000c32a  __mspabi_srll_10        
0000c330  __mspabi_srll_9         
0000c336  __mspabi_srll_8         
0000c33c  __mspabi_srll_7         
0000c342  __mspabi_srll_6         
0000c348  __mspabi_srll_5         
0000c34e  __mspabi_srll_4         
0000c354  __mspabi_srll_3         
0000c35a  __mspabi_srll_2         
0000c360  __mspabi_srll_1         
0000c368  _auto_init              
0000c3c0  __mspabi_divul          
0000c3c0  __mspabi_remul          
0000c418  PORT2_ISR               
0000c466  interruptSetup          
0000c4b4  __mspabi_srli           
0000c4c2  __mspabi_srli_15        
0000c4c6  __mspabi_srli_14        
0000c4ca  __mspabi_srli_13        
0000c4ce  __mspabi_srli_12        
0000c4d2  __mspabi_srli_11        
0000c4d6  __mspabi_srli_10        
0000c4da  __mspabi_srli_9         
0000c4de  __mspabi_srli_8         
0000c4e2  __mspabi_srli_7         
0000c4e6  __mspabi_srli_6         
0000c4ea  __mspabi_srli_5         
0000c4ee  __mspabi_srli_4         
0000c4f2  __mspabi_srli_3         
0000c4f6  __mspabi_srli_2         
0000c4fa  __mspabi_srli_1         
0000c500  send_command            
0000c548  send_data               
0000c590  PORT1_ISR               
0000c5d6  resetCounters           
0000c61c  T0A1_ISR                
0000c65c  ADC10_ISR               
0000c690  lcd_delay               
0000c6be  __mspabi_srai           
0000c6ca  __mspabi_srai_15        
0000c6cc  __mspabi_srai_14        
0000c6ce  __mspabi_srai_13        
0000c6d0  __mspabi_srai_12        
0000c6d2  __mspabi_srai_11        
0000c6d4  __mspabi_srai_10        
0000c6d6  __mspabi_srai_9         
0000c6d8  __mspabi_srai_8         
0000c6da  __mspabi_srai_7         
0000c6dc  __mspabi_srai_6         
0000c6de  __mspabi_srai_5         
0000c6e0  __mspabi_srai_4         
0000c6e2  __mspabi_srai_3         
0000c6e4  __mspabi_srai_2         
0000c6e6  __mspabi_srai_1         
0000c6ea  lcd_init                
0000c710  __mspabi_mpyl           
0000c710  __mspabi_mpyl_sw        
0000c736  getTACCRfromFreq        
0000c758  initGM                  
0000c77a  lcd_clear               
0000c798  adcSetup                
0000c7b4  _c_int00_noargs_noexit  
0000c7ce  timerSetup              
0000c7e8  lcd_gotoRow             
0000c800  frequencyFromAdc        
0000c816  setHVFrequency          
0000c82c  data_write              
0000c840  __TI_zero_init          
0000c854  __mspabi_mpyi           
0000c854  __mspabi_mpyi_sw        
0000c868  __TI_decompress_none    
0000c87a  lcdLedOn                
0000c88c  lcd_print               
0000c89e  memcpy                  
0000c8b0  soundOn                 
0000c8c2  __mspabi_func_epilog_7  
0000c8c4  __mspabi_func_epilog_6  
0000c8c6  __mspabi_func_epilog_5  
0000c8c8  __mspabi_func_epilog_4  
0000c8ca  __mspabi_func_epilog_3  
0000c8cc  __mspabi_func_epilog_2  
0000c8ce  __mspabi_func_epilog_1  
0000c8d2  soundOff                
0000c8e0  soundTick               
0000c8ee  __TI_ISR_TRAP           
0000c8f4  cntLedOff               
0000c8fa  cntLedOn                
0000c8fa  ledTick                 
0000c900  __TI_decompress_rle24   
0000c906  _system_pre_init        
0000c90a  C$$EXIT                 
0000c90a  abort                   
0000c950  __TI_Handler_Table_Base 
0000c956  __TI_Handler_Table_Limit
0000c95a  __TI_CINIT_Base         
0000c962  __TI_CINIT_Limit        
0000ffe4  __TI_int02              
0000ffe6  __TI_int03              
0000ffea  __TI_int05              
0000ffec  __TI_int06              
0000ffee  __TI_int07              
0000fff0  __TI_int08              
0000fff2  __TI_int09              
0000fff4  __TI_int10              
0000fff6  __TI_int11              
0000fff8  __TI_int12              
0000fffa  __TI_int13              
0000fffc  __TI_int14              
0000fffe  _reset_vector           
ffffffff  __binit__               
ffffffff  __c_args__              
ffffffff  binit                   
UNDEFED   __TI_INITARRAY_Base     
UNDEFED   __TI_INITARRAY_Limit    

[240 symbols]
